Isolated contract directory: /tmp/review-today-shared-contracts.4wy09tir
/Users/rexyoung/Desktop/vibe coding/Review_Today/Review_Today/ReviewView.swift:622:25: warning: 'NSSpeechSynthesizer' was deprecated in macOS 14.0: Use AVSpeechSynthesizer in AVFoundation instead [#DeprecatedDeclaration]
620 |
621 | private final class SpeechSpeaker: NSObject, NSSpeechSynthesizerDelegate {
622 |     private var synth = NSSpeechSynthesizer()
    |                         `- warning: 'NSSpeechSynthesizer' was deprecated in macOS 14.0: Use AVSpeechSynthesizer in AVFoundation instead [#DeprecatedDeclaration]
623 |     private var onFinish: (() -> Void)?
624 |

/Users/rexyoung/Desktop/vibe coding/Review_Today/Review_Today/ReviewView.swift:641:38: warning: 'NSSpeechSynthesizer' was deprecated in macOS 14.0: Use AVSpeechSynthesizer in AVFoundation instead [#DeprecatedDeclaration]
639 |     }
640 |
641 |     func speechSynthesizer(_ sender: NSSpeechSynthesizer, didFinishSpeaking finishedSpeaking: Bool) {
    |                                      `- warning: 'NSSpeechSynthesizer' was deprecated in macOS 14.0: Use AVSpeechSynthesizer in AVFoundation instead [#DeprecatedDeclaration]
642 |         let done = onFinish
643 |         onFinish = nil

/Users/rexyoung/Desktop/vibe coding/Review_Today/Review_Today/ReviewView.swift:621:46: warning: 'NSSpeechSynthesizerDelegate' was deprecated in macOS 14.0: Use AVSpeechSynthesizer in AVFoundation instead [#DeprecatedDeclaration]
619 | }
620 |
621 | private final class SpeechSpeaker: NSObject, NSSpeechSynthesizerDelegate {
    |                                              `- warning: 'NSSpeechSynthesizerDelegate' was deprecated in macOS 14.0: Use AVSpeechSynthesizer in AVFoundation instead [#DeprecatedDeclaration]
622 |     private var synth = NSSpeechSynthesizer()
623 |     private var onFinish: (() -> Void)?

[#DeprecatedDeclaration]: <https://docs.swift.org/compiler/documentation/diagnostics/deprecated-declaration>
/Users/rexyoung/Desktop/vibe coding/Review_Today/Review_Today/KnowledgeLexicon.swift:179:13: warning: variable 'value' was never mutated; consider changing to 'let' constant
177 |
178 |     private static func isWeak(_ text: String) -> Bool {
179 |         var value = text.trimmingCharacters(in: .whitespacesAndNewlines)
    |             `- warning: variable 'value' was never mutated; consider changing to 'let' constant
180 |         if value.count < 2 { return true }
181 |         if genericTitles.contains(value) { return true }
/Users/rexyoung/Desktop/vibe coding/Review_Today/Review_Today/LibraryInboxSettings.swift:166:13: warning: result of 'try?' is unused [#no-usage]
164 |             task.updatedAt = .now
165 |             try? modelContext.save()
166 |             try? await AgentAPI.captureAction(taskId: task.id, action: "delete")
    |             `- warning: result of 'try?' is unused [#no-usage]
167 |             return
168 |         }
/Users/rexyoung/Desktop/vibe coding/Review_Today/Review_Today/ReviewView.swift:622:25: warning: 'NSSpeechSynthesizer' was deprecated in macOS 14.0: Use AVSpeechSynthesizer in AVFoundation instead [#DeprecatedDeclaration]
620 |
621 | private final class SpeechSpeaker: NSObject, NSSpeechSynthesizerDelegate {
622 |     private var synth = NSSpeechSynthesizer()
    |                         `- warning: 'NSSpeechSynthesizer' was deprecated in macOS 14.0: Use AVSpeechSynthesizer in AVFoundation instead [#DeprecatedDeclaration]
623 |     private var onFinish: (() -> Void)?
624 |

/Users/rexyoung/Desktop/vibe coding/Review_Today/Review_Today/ReviewView.swift:641:38: warning: 'NSSpeechSynthesizer' was deprecated in macOS 14.0: Use AVSpeechSynthesizer in AVFoundation instead [#DeprecatedDeclaration]
639 |     }
640 |
641 |     func speechSynthesizer(_ sender: NSSpeechSynthesizer, didFinishSpeaking finishedSpeaking: Bool) {
    |                                      `- warning: 'NSSpeechSynthesizer' was deprecated in macOS 14.0: Use AVSpeechSynthesizer in AVFoundation instead [#DeprecatedDeclaration]
642 |         let done = onFinish
643 |         onFinish = nil

/Users/rexyoung/Desktop/vibe coding/Review_Today/Review_Today/ReviewView.swift:621:46: warning: 'NSSpeechSynthesizerDelegate' was deprecated in macOS 14.0: Use AVSpeechSynthesizer in AVFoundation instead [#DeprecatedDeclaration]
619 | }
620 |
621 | private final class SpeechSpeaker: NSObject, NSSpeechSynthesizerDelegate {
    |                                              `- warning: 'NSSpeechSynthesizerDelegate' was deprecated in macOS 14.0: Use AVSpeechSynthesizer in AVFoundation instead [#DeprecatedDeclaration]
622 |     private var synth = NSSpeechSynthesizer()
623 |     private var onFinish: (() -> Void)?

/Users/rexyoung/Desktop/vibe coding/Review_Today/Review_Today/ReviewView.swift:627:15: warning: 'delegate' was deprecated in macOS 14.0: Use AVSpeechSynthesizer in AVFoundation instead [#DeprecatedDeclaration]
625 |     override init() {
626 |         super.init()
627 |         synth.delegate = self
    |               `- warning: 'delegate' was deprecated in macOS 14.0: Use AVSpeechSynthesizer in AVFoundation instead [#DeprecatedDeclaration]
628 |     }
629 |

/Users/rexyoung/Desktop/vibe coding/Review_Today/Review_Today/ReviewView.swift:633:15: warning: 'startSpeaking' was deprecated in macOS 14.0: Use AVSpeechSynthesizer in AVFoundation instead [#DeprecatedDeclaration]
631 |         stop()
632 |         self.onFinish = onFinish
633 |         synth.startSpeaking(text)
    |               `- warning: 'startSpeaking' was deprecated in macOS 14.0: Use AVSpeechSynthesizer in AVFoundation instead [#DeprecatedDeclaration]
634 |     }
635 |

/Users/rexyoung/Desktop/vibe coding/Review_Today/Review_Today/ReviewView.swift:637:15: warning: 'stopSpeaking()' was deprecated in macOS 14.0: Use AVSpeechSynthesizer in AVFoundation instead [#DeprecatedDeclaration]
635 |
636 |     func stop() {
637 |         synth.stopSpeaking()
    |               `- warning: 'stopSpeaking()' was deprecated in macOS 14.0: Use AVSpeechSynthesizer in AVFoundation instead [#DeprecatedDeclaration]
638 |         onFinish = nil
639 |     }

[#DeprecatedDeclaration]: <https://docs.swift.org/compiler/documentation/diagnostics/deprecated-declaration>
/tmp/review-today-shared-contracts.4wy09tir/NavigationRenderContractTests.swift:2:23: warning: '#sourceLocation' directive produces '#fileID' string of 'NavigationRenderContractTests/NavigationRenderContractTests.swift', which conflicts with '#fileID' strings produced by other paths in the module
 1 | @testable import ReviewTodayContractSupport
 2 | #sourceLocation(file: "/Users/rexyoung/Desktop/vibe coding/Review_Today/tests/mac/NavigationRenderContractTests.swift", line: 1)
   |                       |- warning: '#sourceLocation' directive produces '#fileID' string of 'NavigationRenderContractTests/NavigationRenderContractTests.swift', which conflicts with '#fileID' strings produced by other paths in the module
   |                       `- note: change file in '#sourceLocation' to '/tmp/review-today-shared-contracts.4wy09tir/NavigationRenderContractTests.swift'
 3 | import AppKit
 4 | import SwiftUI
PASS: native date buttons, exact actions, disabled/future accessibility, compact geometry, reused targets, single-set composer layout
PASS executable: NavigationRenderContractTests
/tmp/review-today-shared-contracts.4wy09tir/NavigationDataContractTests.swift:2:23: warning: '#sourceLocation' directive produces '#fileID' string of 'NavigationDataContractTests/NavigationDataContractTests.swift', which conflicts with '#fileID' strings produced by other paths in the module
 1 | @testable import ReviewTodayContractSupport
 2 | #sourceLocation(file: "/Users/rexyoung/Desktop/vibe coding/Review_Today/tests/mac/NavigationDataContractTests.swift", line: 1)
   |                       |- warning: '#sourceLocation' directive produces '#fileID' string of 'NavigationDataContractTests/NavigationDataContractTests.swift', which conflicts with '#fileID' strings produced by other paths in the module
   |                       `- note: change file in '#sourceLocation' to '/tmp/review-today-shared-contracts.4wy09tir/NavigationDataContractTests.swift'
 3 | import Foundation
 4 | import SwiftData
PASS: unchanged/failed/retried/deleted drafts, date backfill, scoped sync work, activity identity/history/DST/timezone/cache invalidation
PASS executable: NavigationDataContractTests
/tmp/review-today-shared-contracts.4wy09tir/UIPolishContractTests.swift:2:23: warning: '#sourceLocation' directive produces '#fileID' string of 'UIPolishContractTests/UIPolishContractTests.swift', which conflicts with '#fileID' strings produced by other paths in the module
 1 | @testable import ReviewTodayContractSupport
 2 | #sourceLocation(file: "/Users/rexyoung/Desktop/vibe coding/Review_Today/tests/mac/UIPolishContractTests.swift", line: 1)
   |                       |- warning: '#sourceLocation' directive produces '#fileID' string of 'UIPolishContractTests/UIPolishContractTests.swift', which conflicts with '#fileID' strings produced by other paths in the module
   |                       `- note: change file in '#sourceLocation' to '/tmp/review-today-shared-contracts.4wy09tir/UIPolishContractTests.swift'
 3 | import AppKit
 4 | import SwiftUI
PASS: initial/explicit/outside/locked/stale focus, protected text and selection, complete legacy titles and explanations without writes, exact capsule geometry, native book configuration
PASS executable: UIPolishContractTests
/tmp/review-today-shared-contracts.4wy09tir/BrandMaterialContractTests.swift:2:23: warning: '#sourceLocation' directive produces '#fileID' string of 'BrandMaterialContractTests/BrandMaterialContractTests.swift', which conflicts with '#fileID' strings produced by other paths in the module
 1 | @testable import ReviewTodayContractSupport
 2 | #sourceLocation(file: "/Users/rexyoung/Desktop/vibe coding/Review_Today/tests/mac/BrandMaterialContractTests.swift", line: 1)
   |                       |- warning: '#sourceLocation' directive produces '#fileID' string of 'BrandMaterialContractTests/BrandMaterialContractTests.swift', which conflicts with '#fileID' strings produced by other paths in the module
   |                       `- note: change file in '#sourceLocation' to '/tmp/review-today-shared-contracts.4wy09tir/BrandMaterialContractTests.swift'
 3 | import AppKit
 4 | import SwiftUI
PASS light: text, control edges, state accent and neutral information roles
PASS dark: text, control edges, state accent and neutral information roles
PASS: daily palette is monochrome; legacy comparison remains; memory-only trial rejects sending and keeps draft
PASS executable: BrandMaterialContractTests
/tmp/review-today-shared-contracts.4wy09tir/AnswerDocumentContractTests.swift:2:23: warning: '#sourceLocation' directive produces '#fileID' string of 'AnswerDocumentContractTests/AnswerDocumentContractTests.swift', which conflicts with '#fileID' strings produced by other paths in the module
  1 | @testable import ReviewTodayContractSupport
  2 | #sourceLocation(file: "/Users/rexyoung/Desktop/vibe coding/Review_Today/tests/mac/AnswerDocumentContractTests.swift", line: 1)
    |                       |- warning: '#sourceLocation' directive produces '#fileID' string of 'AnswerDocumentContractTests/AnswerDocumentContractTests.swift', which conflicts with '#fileID' strings produced by other paths in the module
    |                       `- note: change file in '#sourceLocation' to '/tmp/review-today-shared-contracts.4wy09tir/AnswerDocumentContractTests.swift'
  3 | import Foundation
  4 |
AnswerDocument: blocks, incremental rows/flows, malformed fallbacks, Unicode and question dedup passed; long parse 30 ms
PASS executable: AnswerDocumentContractTests
/tmp/review-today-shared-contracts.4wy09tir/AppRuntimeContractTests.swift:2:23: warning: '#sourceLocation' directive produces '#fileID' string of 'AppRuntimeContractTests/AppRuntimeContractTests.swift', which conflicts with '#fileID' strings produced by other paths in the module
 1 | @testable import ReviewTodayContractSupport
 2 | #sourceLocation(file: "/Users/rexyoung/Desktop/vibe coding/Review_Today/tests/mac/AppRuntimeContractTests.swift", line: 1)
   |                       |- warning: '#sourceLocation' directive produces '#fileID' string of 'AppRuntimeContractTests/AppRuntimeContractTests.swift', which conflicts with '#fileID' strings produced by other paths in the module
   |                       `- note: change file in '#sourceLocation' to '/tmp/review-today-shared-contracts.4wy09tir/AppRuntimeContractTests.swift'
 3 | import AppKit
 4 | import SwiftData
PASS: runtime/storage/network identity, preview submit guard, durable isolation, invalid acceptance and stable retry, delivery feedback, bounded static samples
PASS executable: AppRuntimeContractTests
/tmp/review-today-shared-contracts.4wy09tir/InteractionFocusTests.swift:2:23: warning: '#sourceLocation' directive produces '#fileID' string of 'InteractionFocusTests/InteractionFocusTests.swift', which conflicts with '#fileID' strings produced by other paths in the module
 1 | @testable import ReviewTodayContractSupport
 2 | #sourceLocation(file: "/Users/rexyoung/Desktop/vibe coding/Review_Today/tests/mac/InteractionFocusTests.swift", line: 1)
   |                       |- warning: '#sourceLocation' directive produces '#fileID' string of 'InteractionFocusTests/InteractionFocusTests.swift', which conflicts with '#fileID' strings produced by other paths in the module
   |                       `- note: change file in '#sourceLocation' to '/tmp/review-today-shared-contracts.4wy09tir/InteractionFocusTests.swift'
 3 | import AppKit
 4 | import SwiftUI
PASS: ancestor-focus guard, rendered single-row focus independent of selection, light/dark/disabled
PASS executable: InteractionFocusTests
/tmp/review-today-shared-contracts.4wy09tir/AgentServiceMonitorContractTests.swift:2:23: warning: '#sourceLocation' directive produces '#fileID' string of 'AgentServiceMonitorContractTests/AgentServiceMonitorContractTests.swift', which conflicts with '#fileID' strings produced by other paths in the module
 1 | @testable import ReviewTodayContractSupport
 2 | #sourceLocation(file: "/Users/rexyoung/Desktop/vibe coding/Review_Today/tests/mac/AgentServiceMonitorContractTests.swift", line: 1)
   |                       |- warning: '#sourceLocation' directive produces '#fileID' string of 'AgentServiceMonitorContractTests/AgentServiceMonitorContractTests.swift', which conflicts with '#fileID' strings produced by other paths in the module
   |                       `- note: change file in '#sourceLocation' to '/tmp/review-today-shared-contracts.4wy09tir/AgentServiceMonitorContractTests.swift'
 3 | import Foundation
 4 |
PASS: 90s cold startup, 10s sustained outage, recovery resets timer, monotonic startup diagnostics, single termination
PASS: capability probing is background state; partial capability is compact; all unavailable blocks
PASS executable: AgentServiceMonitorContractTests
/tmp/review-today-shared-contracts.4wy09tir/LearningInputContractTests.swift:2:23: warning: '#sourceLocation' directive produces '#fileID' string of 'LearningInputContractTests/LearningInputContractTests.swift', which conflicts with '#fileID' strings produced by other paths in the module
  1 | @testable import ReviewTodayContractSupport
  2 | #sourceLocation(file: "/Users/rexyoung/Desktop/vibe coding/Review_Today/tests/mac/LearningInputContractTests.swift", line: 1)
    |                       |- warning: '#sourceLocation' directive produces '#fileID' string of 'LearningInputContractTests/LearningInputContractTests.swift', which conflicts with '#fileID' strings produced by other paths in the module
    |                       `- note: change file in '#sourceLocation' to '/tmp/review-today-shared-contracts.4wy09tir/LearningInputContractTests.swift'
  3 | // Run as an isolated AppKit/SwiftData test executable, not against user data.
  4 | import AppKit
PASS: 12 scenarios, 6-card refresh, protected prefill/IME/undo, sidebar preference, native input, atomic first-send failure/retry, no empty Sessions, independent drafts/preferences, tags, partial persistence, activity
PASS executable: LearningInputContractTests
/tmp/review-today-shared-contracts.4wy09tir/ConversationReplayTests.swift:2:23: warning: '#sourceLocation' directive produces '#fileID' string of 'ConversationReplayTests/ConversationReplayTests.swift', which conflicts with '#fileID' strings produced by other paths in the module
  1 | @testable import ReviewTodayContractSupport
  2 | #sourceLocation(file: "/Users/rexyoung/Desktop/vibe coding/Review_Today/tests/mac/ConversationReplayTests.swift", line: 1)
    |                       |- warning: '#sourceLocation' directive produces '#fileID' string of 'ConversationReplayTests/ConversationReplayTests.swift', which conflicts with '#fileID' strings produced by other paths in the module
    |                       `- note: change file in '#sourceLocation' to '/tmp/review-today-shared-contracts.4wy09tir/ConversationReplayTests.swift'
  3 | import Foundation
  4 | import SwiftData
PASS: ordered/repeated/gapped replay, stable final ID, stop/archive and revision fencing, Session tags/activity, atomic cursor recovery, Session isolation, no knowledge/review writes
Controlled stop save: 0.000836417 seconds; full replay suite: 0.017188208 seconds
PASS executable: ConversationReplayTests
/tmp/review-today-shared-contracts.4wy09tir/LearningMemoryContractTests.swift:2:23: warning: '#sourceLocation' directive produces '#fileID' string of 'LearningMemoryContractTests/LearningMemoryContractTests.swift', which conflicts with '#fileID' strings produced by other paths in the module
 1 | @testable import ReviewTodayContractSupport
 2 | #sourceLocation(file: "/Users/rexyoung/Desktop/vibe coding/Review_Today/tests/mac/LearningMemoryContractTests.swift", line: 1)
   |                       |- warning: '#sourceLocation' directive produces '#fileID' string of 'LearningMemoryContractTests/LearningMemoryContractTests.swift', which conflicts with '#fileID' strings produced by other paths in the module
   |                       `- note: change file in '#sourceLocation' to '/tmp/review-today-shared-contracts.4wy09tir/LearningMemoryContractTests.swift'
 3 | import Foundation
 4 | import SwiftData
PASS: typed local recall, no drafts/consent, archive vs exclusion, policy/content versions, late-run fence, no formal review writes
PASS executable: LearningMemoryContractTests
/tmp/review-today-shared-contracts.4wy09tir/SessionDeletionContractTests.swift:2:23: warning: '#sourceLocation' directive produces '#fileID' string of 'SessionDeletionContractTests/SessionDeletionContractTests.swift', which conflicts with '#fileID' strings produced by other paths in the module
 1 | @testable import ReviewTodayContractSupport
 2 | #sourceLocation(file: "/Users/rexyoung/Desktop/vibe coding/Review_Today/tests/mac/SessionDeletionContractTests.swift", line: 1)
   |                       |- warning: '#sourceLocation' directive produces '#fileID' string of 'SessionDeletionContractTests/SessionDeletionContractTests.swift', which conflicts with '#fileID' strings produced by other paths in the module
   |                       `- note: change file in '#sourceLocation' to '/tmp/review-today-shared-contracts.4wy09tir/SessionDeletionContractTests.swift'
 3 | import Foundation
 4 | import SwiftData
PASS: deletion preview, rollback, scope revalidation, shared/unknown protection, batch purge, preview removal, durable offline tombstones and no index resurrection
PASS executable: SessionDeletionContractTests
/tmp/review-today-shared-contracts.4wy09tir/SessionListSelectionTests.swift:2:23: warning: '#sourceLocation' directive produces '#fileID' string of 'SessionListSelectionTests/SessionListSelectionTests.swift', which conflicts with '#fileID' strings produced by other paths in the module
  1 | @testable import ReviewTodayContractSupport
  2 | #sourceLocation(file: "/Users/rexyoung/Desktop/vibe coding/Review_Today/tests/mac/SessionListSelectionTests.swift", line: 1)
    |                       |- warning: '#sourceLocation' directive produces '#fileID' string of 'SessionListSelectionTests/SessionListSelectionTests.swift', which conflicts with '#fileID' strings produced by other paths in the module
    |                       `- note: change file in '#sourceLocation' to '/tmp/review-today-shared-contracts.4wy09tir/SessionListSelectionTests.swift'
  3 | import Foundation
  4 |
PASS: scoped title/tag search, search/reset boundaries, range and identity selection, current visible action targets, live scope changes, partial retry, empty-scope tools and no-results recovery
PASS executable: SessionListSelectionTests
/Users/rexyoung/Desktop/vibe coding/Review_Today/tests/mac/SessionOrganizationContractTests.swift:7:168: warning: parameter 'file' with default argument '#filePath' passed to parameter 'file', whose default argument is '#file'
 7 | struct SessionOrganizationContractTests {
 8 |     enum Disk: Error { case failed }
 9 |     static func require(_ value: Bool, _ message: String = "Contract failed", file: StaticString = #filePath, line: UInt = #line) { precondition(value, message, file: file, line: line) }
   |                                                                                                    |                                                                   |- warning: parameter 'file' with default argument '#filePath' passed to parameter 'file', whose default argument is '#file'
   |                                                                                                    |                                                                   `- note: add parentheses to silence this warning
   |                                                                                                    `- note: did you mean for parameter 'file' to default to '#file'?
10 |     @MainActor static func main() throws {
11 |         let directory = URL(fileURLWithPath: NSTemporaryDirectory()).appendingPathComponent("review-today-folders-" + UUID().uuidString)

Swift.precondition.file:1:1: note: 'file' declared here
1 | file: StaticString
  | `- note: 'file' declared here

/tmp/review-today-shared-contracts.4wy09tir/SessionOrganizationContractTests.swift:2:23: warning: '#sourceLocation' directive produces '#fileID' string of 'SessionOrganizationContractTests/SessionOrganizationContractTests.swift', which conflicts with '#fileID' strings produced by other paths in the module
 1 | @testable import ReviewTodayContractSupport
 2 | #sourceLocation(file: "/Users/rexyoung/Desktop/vibe coding/Review_Today/tests/mac/SessionOrganizationContractTests.swift", line: 1)
   |                       |- warning: '#sourceLocation' directive produces '#fileID' string of 'SessionOrganizationContractTests/SessionOrganizationContractTests.swift', which conflicts with '#fileID' strings produced by other paths in the module
   |                       `- note: change file in '#sourceLocation' to '/tmp/review-today-shared-contracts.4wy09tir/SessionOrganizationContractTests.swift'
 3 | import Foundation
 4 | import SwiftData
PASS: landing fallback stable first-send identity, save failure, folder validation/move/rollback, archive search scope, folder retention, disk reopen and non-destructive folder deletion
PASS executable: SessionOrganizationContractTests
/tmp/review-today-shared-contracts.4wy09tir/IndependentSessionContractTests.swift:2:23: warning: '#sourceLocation' directive produces '#fileID' string of 'IndependentSessionContractTests/IndependentSessionContractTests.swift', which conflicts with '#fileID' strings produced by other paths in the module
 1 | @testable import ReviewTodayContractSupport
 2 | #sourceLocation(file: "/Users/rexyoung/Desktop/vibe coding/Review_Today/tests/mac/IndependentSessionContractTests.swift", line: 1)
   |                       |- warning: '#sourceLocation' directive produces '#fileID' string of 'IndependentSessionContractTests/IndependentSessionContractTests.swift', which conflicts with '#fileID' strings produced by other paths in the module
   |                       `- note: change file in '#sourceLocation' to '/tmp/review-today-shared-contracts.4wy09tir/IndependentSessionContractTests.swift'
 3 | import Foundation
 4 | import SwiftData
PASS: independent creation, legacy draft preservation/rollback, per-session disk persistence, no message/run on creation, creation/first-send failure, first-send identity, active empty/populated deletion and no draft resurrection
PASS executable: IndependentSessionContractTests
/Users/rexyoung/Desktop/vibe coding/Review_Today/tests/mac/LibraryManagementContractTests.swift:7:168: warning: parameter 'file' with default argument '#filePath' passed to parameter 'file', whose default argument is '#file'
  7 | struct LibraryManagementContractTests {
  8 |     enum Disk: Error { case failed }
  9 |     static func require(_ value: Bool, _ message: String = "Contract failed", file: StaticString = #filePath, line: UInt = #line) { precondition(value, message, file: file, line: line) }
    |                                                                                                    |                                                                   |- warning: parameter 'file' with default argument '#filePath' passed to parameter 'file', whose default argument is '#file'
    |                                                                                                    |                                                                   `- note: add parentheses to silence this warning
    |                                                                                                    `- note: did you mean for parameter 'file' to default to '#file'?
 10 |     @MainActor static func main() throws {
 11 |         let container = try ModelContainer(for: M1DebugFixture.schema, configurations: ModelConfiguration(isStoredInMemoryOnly: true))

Swift.precondition.file:1:1: note: 'file' declared here
1 | file: StaticString
  | `- note: 'file' declared here

/tmp/review-today-shared-contracts.4wy09tir/LibraryManagementContractTests.swift:2:23: warning: '#sourceLocation' directive produces '#fileID' string of 'LibraryManagementContractTests/LibraryManagementContractTests.swift', which conflicts with '#fileID' strings produced by other paths in the module
  1 | @testable import ReviewTodayContractSupport
  2 | #sourceLocation(file: "/Users/rexyoung/Desktop/vibe coding/Review_Today/tests/mac/LibraryManagementContractTests.swift", line: 1)
    |                       |- warning: '#sourceLocation' directive produces '#fileID' string of 'LibraryManagementContractTests/LibraryManagementContractTests.swift', which conflicts with '#fileID' strings produced by other paths in the module
    |                       `- note: change file in '#sourceLocation' to '/tmp/review-today-shared-contracts.4wy09tir/LibraryManagementContractTests.swift'
  3 | import Foundation
  4 | import SwiftData
PASS: scoped knowledge selection, atomic lifecycle rollback, recycle/undo, permanent-delete revalidation, shared source retention, question/review cleanup, continuous locator and stale motion
PASS executable: LibraryManagementContractTests
/tmp/review-today-shared-contracts.4wy09tir/KnowledgeDeckNavigationTests.swift:2:23: warning: '#sourceLocation' directive produces '#fileID' string of 'KnowledgeDeckNavigationTests/KnowledgeDeckNavigationTests.swift', which conflicts with '#fileID' strings produced by other paths in the module
  1 | @testable import ReviewTodayContractSupport
  2 | #sourceLocation(file: "/Users/rexyoung/Desktop/vibe coding/Review_Today/tests/mac/KnowledgeDeckNavigationTests.swift", line: 1)
    |                       |- warning: '#sourceLocation' directive produces '#fileID' string of 'KnowledgeDeckNavigationTests/KnowledgeDeckNavigationTests.swift', which conflicts with '#fileID' strings produced by other paths in the module
    |                       `- note: change file in '#sourceLocation' to '/tmp/review-today-shared-contracts.4wy09tir/KnowledgeDeckNavigationTests.swift'
  3 | import AppKit
  4 | import SwiftUI
PASS: reversible deck selection, following drag, rapid stale-completion rejection, wrap, snapback, flick, data reconciliation, single/empty, dimensions, native title/body/axis/key/text/wheel scope, trackpad pause, key/app loss and deferred teardown cancellation
PASS executable: KnowledgeDeckNavigationTests
/Users/rexyoung/Desktop/vibe coding/Review_Today/tests/mac/KnowledgeIngestionTests.swift:25:79: warning: capture of 'c' with non-Sendable type 'ModelContext' in a '@Sendable' closure [#SendableClosureCaptures]
 25 |         let observer = NotificationCenter.default.addObserver(forName: .knowledgeIngestionSaved, object: nil, queue: .main) { note in
 26 |             MainActor.assumeIsolated {
 27 |                 guard let context = note.object as? ModelContext, context === c,
    |                                                                               `- warning: capture of 'c' with non-Sendable type 'ModelContext' in a '@Sendable' closure [#SendableClosureCaptures]
 28 |                       let receipt = note.userInfo?["receipt"] as? KnowledgeIngestionReceipt else { return }
 29 |                 // A separate disk reader must see all cards at the event boundary.

SwiftData.ModelContext:3:14: note: class 'ModelContext' does not conform to the 'Sendable' protocol
 1 | @available(swift 5.9)
 2 | @available(macOS 14, iOS 17, tvOS 17, watchOS 10, *)
 3 | public class ModelContext : Equatable, SendableMetatype {
   |              `- note: class 'ModelContext' does not conform to the 'Sendable' protocol
 4 |     @available(swift 5.9)
 5 |     @available(macOS 15, iOS 18, tvOS 18, watchOS 11, visionOS 2, *)

/Users/rexyoung/Desktop/vibe coding/Review_Today/tests/mac/KnowledgeIngestionTests.swift:31:30: warning: capture of 'task' with non-Sendable type 'LearningTask' in a '@Sendable' closure [#SendableClosureCaptures]
 31 |                 let savedIDs = Set((try! reader.fetch(FetchDescriptor<Knowledge>())).map(\.id))
 32 |                 precondition(Set(receipt.knowledgeIDs).isSubset(of: savedIDs))
 33 |                 precondition(task.memoryCommitted)
    |                              `- warning: capture of 'task' with non-Sendable type 'LearningTask' in a '@Sendable' closure [#SendableClosureCaptures]
 34 |                 receipts += 1
 35 |                 state.receive(receipt, eligible: true, compact: false)

/Users/rexyoung/Desktop/vibe coding/Review_Today/Review_Today/Models.swift:440:13: note: class 'LearningTask' does not conform to the 'Sendable' protocol
438 |
439 | @Model
440 | final class LearningTask {
    |             `- note: class 'LearningTask' does not conform to the 'Sendable' protocol
441 |     @Attribute(.unique) var id: UUID
442 |     var sessionID: UUID

/tmp/review-today-shared-contracts.4wy09tir/KnowledgeIngestionTests.swift:2:23: warning: '#sourceLocation' directive produces '#fileID' string of 'KnowledgeIngestionTests/KnowledgeIngestionTests.swift', which conflicts with '#fileID' strings produced by other paths in the module
  1 | @testable import ReviewTodayContractSupport
  2 | #sourceLocation(file: "/Users/rexyoung/Desktop/vibe coding/Review_Today/tests/mac/KnowledgeIngestionTests.swift", line: 1)
    |                       |- warning: '#sourceLocation' directive produces '#fileID' string of 'KnowledgeIngestionTests/KnowledgeIngestionTests.swift', which conflicts with '#fileID' strings produced by other paths in the module
    |                       `- note: change file in '#sourceLocation' to '/tmp/review-today-shared-contracts.4wy09tir/KnowledgeIngestionTests.swift'
  3 | import Foundation
  4 | import SwiftData

/tmp/review-today-shared-contracts.4wy09tir/KnowledgeIngestionFixture.swift:2:23: warning: '#sourceLocation' directive produces '#fileID' string of 'KnowledgeIngestionTests/KnowledgeIngestionFixture.swift', which conflicts with '#fileID' strings produced by other paths in the module
 1 | @testable import ReviewTodayContractSupport
 2 | #sourceLocation(file: "/Users/rexyoung/Desktop/vibe coding/Review_Today/tests/mac/KnowledgeIngestionFixture.swift", line: 1)
   |                       |- warning: '#sourceLocation' directive produces '#fileID' string of 'KnowledgeIngestionTests/KnowledgeIngestionFixture.swift', which conflicts with '#fileID' strings produced by other paths in the module
   |                       `- note: change file in '#sourceLocation' to '/tmp/review-today-shared-contracts.4wy09tir/KnowledgeIngestionFixture.swift'
 3 | import Foundation
 4 |

[#SendableClosureCaptures]: <https://docs.swift.org/compiler/documentation/diagnostics/sendable-closure-captures>
/tmp/review-today-shared-contracts.4wy09tir/KnowledgeIngestionTests.swift:2:23: warning: '#sourceLocation' directive produces '#fileID' string of 'KnowledgeIngestionTests/KnowledgeIngestionTests.swift', which conflicts with '#fileID' strings produced by other paths in the module
  1 | @testable import ReviewTodayContractSupport
  2 | #sourceLocation(file: "/Users/rexyoung/Desktop/vibe coding/Review_Today/tests/mac/KnowledgeIngestionTests.swift", line: 1)
    |                       |- warning: '#sourceLocation' directive produces '#fileID' string of 'KnowledgeIngestionTests/KnowledgeIngestionTests.swift', which conflicts with '#fileID' strings produced by other paths in the module
    |                       `- note: change file in '#sourceLocation' to '/tmp/review-today-shared-contracts.4wy09tir/KnowledgeIngestionTests.swift'
  3 | import Foundation
  4 | import SwiftData

/tmp/review-today-shared-contracts.4wy09tir/KnowledgeIngestionFixture.swift:2:23: warning: '#sourceLocation' directive produces '#fileID' string of 'KnowledgeIngestionTests/KnowledgeIngestionFixture.swift', which conflicts with '#fileID' strings produced by other paths in the module
 1 | @testable import ReviewTodayContractSupport
 2 | #sourceLocation(file: "/Users/rexyoung/Desktop/vibe coding/Review_Today/tests/mac/KnowledgeIngestionFixture.swift", line: 1)
   |                       |- warning: '#sourceLocation' directive produces '#fileID' string of 'KnowledgeIngestionTests/KnowledgeIngestionFixture.swift', which conflicts with '#fileID' strings produced by other paths in the module
   |                       `- note: change file in '#sourceLocation' to '/tmp/review-today-shared-contracts.4wy09tir/KnowledgeIngestionFixture.swift'
 3 | import Foundation
 4 |
PASS: atomic disk save/rollback and post-save receipt; references/ownership; duplicate and ACK retry; immediate results; read-only replay; close/history/background/modal/navigation; failure/needs-attention; natural-message gating; first-full preference; reopened store
PASS executable: KnowledgeIngestionTests
/tmp/review-today-shared-contracts.4wy09tir/DictationContractTests.swift:2:23: warning: '#sourceLocation' directive produces '#fileID' string of 'DictationContractTests/DictationContractTests.swift', which conflicts with '#fileID' strings produced by other paths in the module
  1 | @testable import ReviewTodayContractSupport
  2 | #sourceLocation(file: "/Users/rexyoung/Desktop/vibe coding/Review_Today/tests/mac/DictationContractTests.swift", line: 1)
    |                       |- warning: '#sourceLocation' directive produces '#fileID' string of 'DictationContractTests/DictationContractTests.swift', which conflicts with '#fileID' strings produced by other paths in the module
    |                       `- note: change file in '#sourceLocation' to '/tmp/review-today-shared-contracts.4wy09tir/DictationContractTests.swift'
  3 | import AppKit
  4 | import Foundation
Dictation contracts passed: permission, cancellation, retention, fallback notices, cached compatibility, timing, duplicate callbacks, append and undo
PASS executable: DictationContractTests
SSE frames: 3, span: 0.46378493309020996, delays: [0.030244827270507812, 0.02526688575744629, 0.02740001678466797]
PASS: ordered/repeated/gapped replay, stable final ID, stop/archive and revision fencing, Session tags/activity, atomic cursor recovery, Session isolation, no knowledge/review writes
Controlled stop save: 0.001165584 seconds; full replay suite: 0.017629333 seconds
PASS: real SSE Unicode transport, incremental delivery, max controlled receive delay 30 ms
All selected contracts complete: /tmp/review-today-shared-contracts.4wy09tir
