Isolated contract directory: /tmp/review-today-shared-contracts.n2p_r9g0
/Users/rexyoung/Desktop/vibe coding/Review_Today/Review_Today/ReviewView.swift:622:25: warning: 'NSSpeechSynthesizer' was deprecated in macOS 14.0: Use AVSpeechSynthesizer in AVFoundation instead [#DeprecatedDeclaration]
620 |
621 | private final class SpeechSpeaker: NSObject, NSSpeechSynthesizerDelegate {
622 |     private var synth = NSSpeechSynthesizer()
    |                         `- warning: 'NSSpeechSynthesizer' was deprecated in macOS 14.0: Use AVSpeechSynthesizer in AVFoundation instead [#DeprecatedDeclaration]
623 |     private var onFinish: (() -> Void)?
624 |

/Users/rexyoung/Desktop/vibe coding/Review_Today/Review_Today/ReviewView.swift:641:38: warning: 'NSSpeechSynthesizer' was deprecated in macOS 14.0: Use AVSpeechSynthesizer in AVFoundation instead [#DeprecatedDeclaration]
639 |     }
640 |
641 |     func speechSynthesizer(_ sender: NSSpeechSynthesizer, didFinishSpeaking finishedSpeaking: Bool) {
    |                                      `- warning: 'NSSpeechSynthesizer' was deprecated in macOS 14.0: Use AVSpeechSynthesizer in AVFoundation instead [#DeprecatedDeclaration]
642 |         let done = onFinish
643 |         onFinish = nil

/Users/rexyoung/Desktop/vibe coding/Review_Today/Review_Today/ReviewView.swift:621:46: warning: 'NSSpeechSynthesizerDelegate' was deprecated in macOS 14.0: Use AVSpeechSynthesizer in AVFoundation instead [#DeprecatedDeclaration]
619 | }
620 |
621 | private final class SpeechSpeaker: NSObject, NSSpeechSynthesizerDelegate {
    |                                              `- warning: 'NSSpeechSynthesizerDelegate' was deprecated in macOS 14.0: Use AVSpeechSynthesizer in AVFoundation instead [#DeprecatedDeclaration]
622 |     private var synth = NSSpeechSynthesizer()
623 |     private var onFinish: (() -> Void)?

[#DeprecatedDeclaration]: <https://docs.swift.org/compiler/documentation/diagnostics/deprecated-declaration>
/Users/rexyoung/Desktop/vibe coding/Review_Today/Review_Today/KnowledgeLexicon.swift:179:13: warning: variable 'value' was never mutated; consider changing to 'let' constant
177 |
178 |     private static func isWeak(_ text: String) -> Bool {
179 |         var value = text.trimmingCharacters(in: .whitespacesAndNewlines)
    |             `- warning: variable 'value' was never mutated; consider changing to 'let' constant
180 |         if value.count < 2 { return true }
181 |         if genericTitles.contains(value) { return true }
/Users/rexyoung/Desktop/vibe coding/Review_Today/Review_Today/LibraryInboxSettings.swift:166:13: warning: result of 'try?' is unused [#no-usage]
164 |             task.updatedAt = .now
165 |             try? modelContext.save()
166 |             try? await AgentAPI.captureAction(taskId: task.id, action: "delete")
    |             `- warning: result of 'try?' is unused [#no-usage]
167 |             return
168 |         }
/Users/rexyoung/Desktop/vibe coding/Review_Today/Review_Today/ReviewView.swift:622:25: warning: 'NSSpeechSynthesizer' was deprecated in macOS 14.0: Use AVSpeechSynthesizer in AVFoundation instead [#DeprecatedDeclaration]
620 |
621 | private final class SpeechSpeaker: NSObject, NSSpeechSynthesizerDelegate {
622 |     private var synth = NSSpeechSynthesizer()
    |                         `- warning: 'NSSpeechSynthesizer' was deprecated in macOS 14.0: Use AVSpeechSynthesizer in AVFoundation instead [#DeprecatedDeclaration]
623 |     private var onFinish: (() -> Void)?
624 |

/Users/rexyoung/Desktop/vibe coding/Review_Today/Review_Today/ReviewView.swift:641:38: warning: 'NSSpeechSynthesizer' was deprecated in macOS 14.0: Use AVSpeechSynthesizer in AVFoundation instead [#DeprecatedDeclaration]
639 |     }
640 |
641 |     func speechSynthesizer(_ sender: NSSpeechSynthesizer, didFinishSpeaking finishedSpeaking: Bool) {
    |                                      `- warning: 'NSSpeechSynthesizer' was deprecated in macOS 14.0: Use AVSpeechSynthesizer in AVFoundation instead [#DeprecatedDeclaration]
642 |         let done = onFinish
643 |         onFinish = nil

/Users/rexyoung/Desktop/vibe coding/Review_Today/Review_Today/ReviewView.swift:621:46: warning: 'NSSpeechSynthesizerDelegate' was deprecated in macOS 14.0: Use AVSpeechSynthesizer in AVFoundation instead [#DeprecatedDeclaration]
619 | }
620 |
621 | private final class SpeechSpeaker: NSObject, NSSpeechSynthesizerDelegate {
    |                                              `- warning: 'NSSpeechSynthesizerDelegate' was deprecated in macOS 14.0: Use AVSpeechSynthesizer in AVFoundation instead [#DeprecatedDeclaration]
622 |     private var synth = NSSpeechSynthesizer()
623 |     private var onFinish: (() -> Void)?

/Users/rexyoung/Desktop/vibe coding/Review_Today/Review_Today/ReviewView.swift:627:15: warning: 'delegate' was deprecated in macOS 14.0: Use AVSpeechSynthesizer in AVFoundation instead [#DeprecatedDeclaration]
625 |     override init() {
626 |         super.init()
627 |         synth.delegate = self
    |               `- warning: 'delegate' was deprecated in macOS 14.0: Use AVSpeechSynthesizer in AVFoundation instead [#DeprecatedDeclaration]
628 |     }
629 |

/Users/rexyoung/Desktop/vibe coding/Review_Today/Review_Today/ReviewView.swift:633:15: warning: 'startSpeaking' was deprecated in macOS 14.0: Use AVSpeechSynthesizer in AVFoundation instead [#DeprecatedDeclaration]
631 |         stop()
632 |         self.onFinish = onFinish
633 |         synth.startSpeaking(text)
    |               `- warning: 'startSpeaking' was deprecated in macOS 14.0: Use AVSpeechSynthesizer in AVFoundation instead [#DeprecatedDeclaration]
634 |     }
635 |

/Users/rexyoung/Desktop/vibe coding/Review_Today/Review_Today/ReviewView.swift:637:15: warning: 'stopSpeaking()' was deprecated in macOS 14.0: Use AVSpeechSynthesizer in AVFoundation instead [#DeprecatedDeclaration]
635 |
636 |     func stop() {
637 |         synth.stopSpeaking()
    |               `- warning: 'stopSpeaking()' was deprecated in macOS 14.0: Use AVSpeechSynthesizer in AVFoundation instead [#DeprecatedDeclaration]
638 |         onFinish = nil
639 |     }

[#DeprecatedDeclaration]: <https://docs.swift.org/compiler/documentation/diagnostics/deprecated-declaration>
/tmp/review-today-shared-contracts.n2p_r9g0/NavigationRenderContractTests.swift:2:23: warning: '#sourceLocation' directive produces '#fileID' string of 'NavigationRenderContractTests/NavigationRenderContractTests.swift', which conflicts with '#fileID' strings produced by other paths in the module
 1 | @testable import ReviewTodayContractSupport
 2 | #sourceLocation(file: "/Users/rexyoung/Desktop/vibe coding/Review_Today/tests/mac/NavigationRenderContractTests.swift", line: 1)
   |                       |- warning: '#sourceLocation' directive produces '#fileID' string of 'NavigationRenderContractTests/NavigationRenderContractTests.swift', which conflicts with '#fileID' strings produced by other paths in the module
   |                       `- note: change file in '#sourceLocation' to '/tmp/review-today-shared-contracts.n2p_r9g0/NavigationRenderContractTests.swift'
 3 | import AppKit
 4 | import SwiftUI
NavigationRenderContractTests/NavigationRenderContractTests.swift:75: Precondition failed: parent navigation must not re-read all activity models
Traceback (most recent call last):
  File "/Users/rexyoung/Desktop/vibe coding/Review_Today/tests/mac/run-contracts.py", line 57, in <module>
    subprocess.run([str(build / name)], check=True, cwd=ROOT)
    ~~~~~~~~~~~~~~^^^^^^^^^^^^^^^^^^^^^^^^^^^^^^^^^^^^^^^^^^^
  File "/opt/homebrew/Cellar/python@3.13/3.13.3_1/Frameworks/Python.framework/Versions/3.13/lib/python3.13/subprocess.py", line 577, in run
    raise CalledProcessError(retcode, process.args,
                             output=stdout, stderr=stderr)
subprocess.CalledProcessError: Command '['/tmp/review-today-shared-contracts.n2p_r9g0/NavigationRenderContractTests']' died with <Signals.SIGTRAP: 5>.
