Command line invocation:
    /Applications/Xcode.app/Contents/Developer/usr/bin/xcodebuild -project Review_Today.xcodeproj -scheme Review_Today -configuration Debug -destination platform=macOS,arch=arm64 -derivedDataPath /tmp/review-today-card-preview-build build

Resolve Package Graph


Resolved source packages:
  FSRS: /Users/rexyoung/Desktop/vibe coding/Review_Today/Vendor/SwiftFSRS @ local

2026-10-04 21:49:05.042 xcodebuild[51061:4168310] [MT] IDERunDestination: Supported platforms for the buildables in the current scheme is empty.
ComputePackagePrebuildTargetDependencyGraph

Prepare packages

CreateBuildRequest

SendProjectDescription

CreateBuildOperation

ComputeTargetDependencyGraph
note: Building targets in dependency order
note: Target dependency graph (3 targets)
    Target 'Review_Today' in project 'Review_Today'
        ➜ Explicit dependency on target 'FSRS-product' in project 'FSRS'
    Target 'FSRS-product' in project 'FSRS'
        ➜ Explicit dependency on target 'FSRS' in project 'FSRS'
    Target 'FSRS' in project 'FSRS' (no dependencies)

GatherProvisioningInputs

CreateBuildDescription

ClangStatCache /Applications/Xcode.app/Contents/Developer/Toolchains/XcodeDefault.xctoolchain/usr/bin/clang-stat-cache /Applications/Xcode.app/Contents/Developer/Platforms/MacOSX.platform/Developer/SDKs/MacOSX27.0.sdk /tmp/review-today-card-preview-build/SDKStatCaches.noindex/macosx27.0-26A425-7231f6df4def33e022ae2eb8f782df1a.sdkstatcache
    cd /Users/rexyoung/Desktop/vibe\ coding/Review_Today/Review_Today.xcodeproj
    /Applications/Xcode.app/Contents/Developer/Toolchains/XcodeDefault.xctoolchain/usr/bin/clang-stat-cache /Applications/Xcode.app/Contents/Developer/Platforms/MacOSX.platform/Developer/SDKs/MacOSX27.0.sdk -o /tmp/review-today-card-preview-build/SDKStatCaches.noindex/macosx27.0-26A425-7231f6df4def33e022ae2eb8f782df1a.sdkstatcache

SwiftDriver Review_Today normal arm64 com.apple.xcode.tools.swift.compiler (in target 'Review_Today' from project 'Review_Today')
    cd /Users/rexyoung/Desktop/vibe\ coding/Review_Today
    builtin-SwiftDriver -- /Applications/Xcode.app/Contents/Developer/Toolchains/XcodeDefault.xctoolchain/usr/bin/swiftc -module-name Review_Today -Onone @/tmp/review-today-card-preview-build/Build/Intermediates.noindex/Review_Today.build/Debug/Review_Today.build/Objects-normal/arm64/Review_Today.SwiftFileList -DDEBUG -default-isolation\=MainActor -enable-bare-slash-regex -enable-upcoming-feature DisableOutwardActorInference -enable-upcoming-feature InferSendableFromCaptures -enable-upcoming-feature GlobalActorIsolatedTypesUsability -enable-upcoming-feature MemberImportVisibility -enable-upcoming-feature InferIsolatedConformances -enable-upcoming-feature NonisolatedNonsendingByDefault -enable-experimental-feature DebugDescriptionMacro -sdk /Applications/Xcode.app/Contents/Developer/Platforms/MacOSX.platform/Developer/SDKs/MacOSX27.0.sdk -target arm64-apple-macos26.5 -g -module-cache-path /tmp/review-today-card-preview-build/ModuleCache.noindex -Xfrontend -serialize-debugging-options -enable-testing -index-store-path /tmp/review-today-card-preview-build/Index.noindex/DataStore -Xcc -D_LIBCPP_HARDENING_MODE\=_LIBCPP_HARDENING_MODE_DEBUG -swift-version 5 -I /tmp/review-today-card-preview-build/Build/Products/Debug -F /tmp/review-today-card-preview-build/Build/Products/Debug/PackageFrameworks -F /tmp/review-today-card-preview-build/Build/Products/Debug -emit-localized-strings -emit-localized-strings-path /tmp/review-today-card-preview-build/Build/Intermediates.noindex/Review_Today.build/Debug/Review_Today.build/Objects-normal/arm64 -c -j10 -enable-batch-mode -incremental -Xcc -ivfsstatcache -Xcc /tmp/review-today-card-preview-build/SDKStatCaches.noindex/macosx27.0-26A425-7231f6df4def33e022ae2eb8f782df1a.sdkstatcache -output-file-map /tmp/review-today-card-preview-build/Build/Intermediates.noindex/Review_Today.build/Debug/Review_Today.build/Objects-normal/arm64/Review_Today-OutputFileMap.json -save-temps -no-color-diagnostics -explicit-module-build -module-cache-path /tmp/review-today-card-preview-build/Build/Intermediates.noindex/SwiftExplicitPrecompiledModules -clang-scanner-module-cache-path /tmp/review-today-card-preview-build/ModuleCache.noindex -sdk-module-cache-path /tmp/review-today-card-preview-build/SDKExplicitPrecompiledModules -emit-dependencies -emit-module -emit-module-path /tmp/review-today-card-preview-build/Build/Intermediates.noindex/Review_Today.build/Debug/Review_Today.build/Objects-normal/arm64/Review_Today.swiftmodule -serialize-diagnostics -dependency-scan-serialize-diagnostics-path /tmp/review-today-card-preview-build/Build/Intermediates.noindex/Review_Today.build/Debug/Review_Today.build/Objects-normal/arm64/Review_Today-dependency-scan.dia -validate-clang-modules-once -clang-build-session-file /tmp/review-today-card-preview-build/ModuleCache.noindex/Session.modulevalidation -Xcc -fmodules-prune-interval\=86400 -Xcc -fmodules-prune-after\=345600 -emit-const-values -const-gather-protocols-list /tmp/review-today-card-preview-build/Build/Intermediates.noindex/Review_Today.build/Debug/Review_Today.build/Objects-normal/arm64/Review_Today_const_extract_protocols.json -Xcc -iquote -Xcc /tmp/review-today-card-preview-build/Build/Intermediates.noindex/Review_Today.build/Debug/Review_Today.build/Review_Today-generated-files.hmap -Xcc -I/tmp/review-today-card-preview-build/Build/Intermediates.noindex/Review_Today.build/Debug/Review_Today.build/Review_Today-own-target-headers.hmap -Xcc -I/tmp/review-today-card-preview-build/Build/Intermediates.noindex/Review_Today.build/Debug/Review_Today.build/Review_Today-all-non-framework-target-headers.hmap -Xcc -ivfsoverlay -Xcc /tmp/review-today-card-preview-build/Build/Intermediates.noindex/Review_Today.build/Debug/Review_Today-b70fdcf0cabbad8a9773b71bbe1a4aa3-VFS/all-product-headers.yaml -Xcc -iquote -Xcc /tmp/review-today-card-preview-build/Build/Intermediates.noindex/Review_Today.build/Debug/Review_Today.build/Review_Today-project-headers.hmap -Xcc -I/tmp/review-today-card-preview-build/Build/Products/Debug/include -Xcc -I/tmp/review-today-card-preview-build/Build/Intermediates.noindex/Review_Today.build/Debug/Review_Today.build/DerivedSources-normal/arm64 -Xcc -I/tmp/review-today-card-preview-build/Build/Intermediates.noindex/Review_Today.build/Debug/Review_Today.build/DerivedSources/arm64 -Xcc -I/tmp/review-today-card-preview-build/Build/Intermediates.noindex/Review_Today.build/Debug/Review_Today.build/DerivedSources -Xcc -DDEBUG\=1 -emit-objc-header -emit-objc-header-path /tmp/review-today-card-preview-build/Build/Intermediates.noindex/Review_Today.build/Debug/Review_Today.build/Objects-normal/arm64/Review_Today-Swift.h -working-directory /Users/rexyoung/Desktop/vibe\ coding/Review_Today -experimental-emit-module-separately -disable-cmo

SwiftEmitModule normal arm64 Emitting\ module\ for\ Review_Today (in target 'Review_Today' from project 'Review_Today')

SwiftCompile normal arm64 (in target 'Review_Today' from project 'Review_Today')
    cd /Users/rexyoung/Desktop/vibe\ coding/Review_Today
    

SwiftCompile normal arm64 Compiling\ TopicCapture.swift /Users/rexyoung/Desktop/vibe\ coding/Review_Today/Review_Today/TopicCapture.swift (in target 'Review_Today' from project 'Review_Today')

SwiftCompile normal arm64 /Users/rexyoung/Desktop/vibe\ coding/Review_Today/Review_Today/TopicCapture.swift (in target 'Review_Today' from project 'Review_Today')
    cd /Users/rexyoung/Desktop/vibe\ coding/Review_Today
    builtin-SwiftPerFileCompile TopicCapture.swift

SwiftCompile normal arm64 Compiling\ LearningWorkspace.swift /Users/rexyoung/Desktop/vibe\ coding/Review_Today/Review_Today/LearningWorkspace.swift (in target 'Review_Today' from project 'Review_Today')

SwiftCompile normal arm64 /Users/rexyoung/Desktop/vibe\ coding/Review_Today/Review_Today/LearningWorkspace.swift (in target 'Review_Today' from project 'Review_Today')
    cd /Users/rexyoung/Desktop/vibe\ coding/Review_Today
    builtin-SwiftPerFileCompile LearningWorkspace.swift

SwiftDriverJobDiscovery normal arm64 Compiling TopicCapture.swift (in target 'Review_Today' from project 'Review_Today')

SwiftCompile normal arm64 Compiling\ ContentView.swift /Users/rexyoung/Desktop/vibe\ coding/Review_Today/Review_Today/ContentView.swift (in target 'Review_Today' from project 'Review_Today')

SwiftCompile normal arm64 /Users/rexyoung/Desktop/vibe\ coding/Review_Today/Review_Today/ContentView.swift (in target 'Review_Today' from project 'Review_Today')
    cd /Users/rexyoung/Desktop/vibe\ coding/Review_Today
    builtin-SwiftPerFileCompile ContentView.swift

SwiftCompile normal arm64 Compiling\ LocalDataReset.swift /Users/rexyoung/Desktop/vibe\ coding/Review_Today/Review_Today/LocalDataReset.swift (in target 'Review_Today' from project 'Review_Today')

SwiftCompile normal arm64 /Users/rexyoung/Desktop/vibe\ coding/Review_Today/Review_Today/LocalDataReset.swift (in target 'Review_Today' from project 'Review_Today')
    cd /Users/rexyoung/Desktop/vibe\ coding/Review_Today
    builtin-SwiftPerFileCompile LocalDataReset.swift

SwiftCompile normal arm64 Compiling\ TodayView.swift /Users/rexyoung/Desktop/vibe\ coding/Review_Today/Review_Today/TodayView.swift (in target 'Review_Today' from project 'Review_Today')

SwiftCompile normal arm64 /Users/rexyoung/Desktop/vibe\ coding/Review_Today/Review_Today/TodayView.swift (in target 'Review_Today' from project 'Review_Today')
    cd /Users/rexyoung/Desktop/vibe\ coding/Review_Today
    builtin-SwiftPerFileCompile TodayView.swift

SwiftCompile normal arm64 Compiling\ LibraryInboxSettings.swift /Users/rexyoung/Desktop/vibe\ coding/Review_Today/Review_Today/LibraryInboxSettings.swift (in target 'Review_Today' from project 'Review_Today')
/Users/rexyoung/Desktop/vibe coding/Review_Today/Review_Today/LibraryInboxSettings.swift:182:13: warning: result of 'try?' is unused [#NoUsage]
180 |             task.updatedAt = .now
181 |             try? modelContext.save()
182 |             try? await AgentAPI.captureAction(taskId: task.id, action: "delete")
    |             `- warning: result of 'try?' is unused [#NoUsage]
183 |             return
184 |         }

[#NoUsage]: <https://docs.swift.org/compiler/documentation/diagnostics/no-usage>

SwiftCompile normal arm64 /Users/rexyoung/Desktop/vibe\ coding/Review_Today/Review_Today/LibraryInboxSettings.swift (in target 'Review_Today' from project 'Review_Today')
    cd /Users/rexyoung/Desktop/vibe\ coding/Review_Today
    builtin-SwiftPerFileCompile LibraryInboxSettings.swift

SwiftCompile normal arm64 Compiling\ ConversationSync.swift /Users/rexyoung/Desktop/vibe\ coding/Review_Today/Review_Today/ConversationSync.swift (in target 'Review_Today' from project 'Review_Today')

SwiftCompile normal arm64 /Users/rexyoung/Desktop/vibe\ coding/Review_Today/Review_Today/ConversationSync.swift (in target 'Review_Today' from project 'Review_Today')
    cd /Users/rexyoung/Desktop/vibe\ coding/Review_Today
    builtin-SwiftPerFileCompile ConversationSync.swift

SwiftDriverJobDiscovery normal arm64 Compiling ConversationSync.swift (in target 'Review_Today' from project 'Review_Today')

SwiftDriverJobDiscovery normal arm64 Compiling LibraryInboxSettings.swift (in target 'Review_Today' from project 'Review_Today')

SwiftDriverJobDiscovery normal arm64 Compiling LocalDataReset.swift (in target 'Review_Today' from project 'Review_Today')

SwiftDriverJobDiscovery normal arm64 Compiling TodayView.swift (in target 'Review_Today' from project 'Review_Today')

SwiftDriverJobDiscovery normal arm64 Compiling ContentView.swift (in target 'Review_Today' from project 'Review_Today')

SwiftDriverJobDiscovery normal arm64 Compiling LearningWorkspace.swift (in target 'Review_Today' from project 'Review_Today')

SwiftCompile normal arm64 Compiling\ LearningTaskCard.swift /Users/rexyoung/Desktop/vibe\ coding/Review_Today/Review_Today/LearningTaskCard.swift (in target 'Review_Today' from project 'Review_Today')

SwiftCompile normal arm64 /Users/rexyoung/Desktop/vibe\ coding/Review_Today/Review_Today/LearningTaskCard.swift (in target 'Review_Today' from project 'Review_Today')
    cd /Users/rexyoung/Desktop/vibe\ coding/Review_Today
    builtin-SwiftPerFileCompile LearningTaskCard.swift

SwiftCompile normal arm64 Compiling\ RecentLearningDetail.swift /Users/rexyoung/Desktop/vibe\ coding/Review_Today/Review_Today/RecentLearningDetail.swift (in target 'Review_Today' from project 'Review_Today')

SwiftCompile normal arm64 /Users/rexyoung/Desktop/vibe\ coding/Review_Today/Review_Today/RecentLearningDetail.swift (in target 'Review_Today' from project 'Review_Today')
    cd /Users/rexyoung/Desktop/vibe\ coding/Review_Today
    builtin-SwiftPerFileCompile RecentLearningDetail.swift

SwiftDriverJobDiscovery normal arm64 Compiling RecentLearningDetail.swift (in target 'Review_Today' from project 'Review_Today')

SwiftDriverJobDiscovery normal arm64 Compiling LearningTaskCard.swift (in target 'Review_Today' from project 'Review_Today')

SwiftDriver\ Compilation Review_Today normal arm64 com.apple.xcode.tools.swift.compiler (in target 'Review_Today' from project 'Review_Today')
    cd /Users/rexyoung/Desktop/vibe\ coding/Review_Today
    builtin-Swift-Compilation -- /Applications/Xcode.app/Contents/Developer/Toolchains/XcodeDefault.xctoolchain/usr/bin/swiftc -module-name Review_Today -Onone @/tmp/review-today-card-preview-build/Build/Intermediates.noindex/Review_Today.build/Debug/Review_Today.build/Objects-normal/arm64/Review_Today.SwiftFileList -DDEBUG -default-isolation\=MainActor -enable-bare-slash-regex -enable-upcoming-feature DisableOutwardActorInference -enable-upcoming-feature InferSendableFromCaptures -enable-upcoming-feature GlobalActorIsolatedTypesUsability -enable-upcoming-feature MemberImportVisibility -enable-upcoming-feature InferIsolatedConformances -enable-upcoming-feature NonisolatedNonsendingByDefault -enable-experimental-feature DebugDescriptionMacro -sdk /Applications/Xcode.app/Contents/Developer/Platforms/MacOSX.platform/Developer/SDKs/MacOSX27.0.sdk -target arm64-apple-macos26.5 -g -module-cache-path /tmp/review-today-card-preview-build/ModuleCache.noindex -Xfrontend -serialize-debugging-options -enable-testing -index-store-path /tmp/review-today-card-preview-build/Index.noindex/DataStore -Xcc -D_LIBCPP_HARDENING_MODE\=_LIBCPP_HARDENING_MODE_DEBUG -swift-version 5 -I /tmp/review-today-card-preview-build/Build/Products/Debug -F /tmp/review-today-card-preview-build/Build/Products/Debug/PackageFrameworks -F /tmp/review-today-card-preview-build/Build/Products/Debug -emit-localized-strings -emit-localized-strings-path /tmp/review-today-card-preview-build/Build/Intermediates.noindex/Review_Today.build/Debug/Review_Today.build/Objects-normal/arm64 -c -j10 -enable-batch-mode -incremental -Xcc -ivfsstatcache -Xcc /tmp/review-today-card-preview-build/SDKStatCaches.noindex/macosx27.0-26A425-7231f6df4def33e022ae2eb8f782df1a.sdkstatcache -output-file-map /tmp/review-today-card-preview-build/Build/Intermediates.noindex/Review_Today.build/Debug/Review_Today.build/Objects-normal/arm64/Review_Today-OutputFileMap.json -save-temps -no-color-diagnostics -explicit-module-build -module-cache-path /tmp/review-today-card-preview-build/Build/Intermediates.noindex/SwiftExplicitPrecompiledModules -clang-scanner-module-cache-path /tmp/review-today-card-preview-build/ModuleCache.noindex -sdk-module-cache-path /tmp/review-today-card-preview-build/SDKExplicitPrecompiledModules -emit-dependencies -emit-module -emit-module-path /tmp/review-today-card-preview-build/Build/Intermediates.noindex/Review_Today.build/Debug/Review_Today.build/Objects-normal/arm64/Review_Today.swiftmodule -serialize-diagnostics -dependency-scan-serialize-diagnostics-path /tmp/review-today-card-preview-build/Build/Intermediates.noindex/Review_Today.build/Debug/Review_Today.build/Objects-normal/arm64/Review_Today-dependency-scan.dia -validate-clang-modules-once -clang-build-session-file /tmp/review-today-card-preview-build/ModuleCache.noindex/Session.modulevalidation -Xcc -fmodules-prune-interval\=86400 -Xcc -fmodules-prune-after\=345600 -emit-const-values -const-gather-protocols-list /tmp/review-today-card-preview-build/Build/Intermediates.noindex/Review_Today.build/Debug/Review_Today.build/Objects-normal/arm64/Review_Today_const_extract_protocols.json -Xcc -iquote -Xcc /tmp/review-today-card-preview-build/Build/Intermediates.noindex/Review_Today.build/Debug/Review_Today.build/Review_Today-generated-files.hmap -Xcc -I/tmp/review-today-card-preview-build/Build/Intermediates.noindex/Review_Today.build/Debug/Review_Today.build/Review_Today-own-target-headers.hmap -Xcc -I/tmp/review-today-card-preview-build/Build/Intermediates.noindex/Review_Today.build/Debug/Review_Today.build/Review_Today-all-non-framework-target-headers.hmap -Xcc -ivfsoverlay -Xcc /tmp/review-today-card-preview-build/Build/Intermediates.noindex/Review_Today.build/Debug/Review_Today-b70fdcf0cabbad8a9773b71bbe1a4aa3-VFS/all-product-headers.yaml -Xcc -iquote -Xcc /tmp/review-today-card-preview-build/Build/Intermediates.noindex/Review_Today.build/Debug/Review_Today.build/Review_Today-project-headers.hmap -Xcc -I/tmp/review-today-card-preview-build/Build/Products/Debug/include -Xcc -I/tmp/review-today-card-preview-build/Build/Intermediates.noindex/Review_Today.build/Debug/Review_Today.build/DerivedSources-normal/arm64 -Xcc -I/tmp/review-today-card-preview-build/Build/Intermediates.noindex/Review_Today.build/Debug/Review_Today.build/DerivedSources/arm64 -Xcc -I/tmp/review-today-card-preview-build/Build/Intermediates.noindex/Review_Today.build/Debug/Review_Today.build/DerivedSources -Xcc -DDEBUG\=1 -emit-objc-header -emit-objc-header-path /tmp/review-today-card-preview-build/Build/Intermediates.noindex/Review_Today.build/Debug/Review_Today.build/Objects-normal/arm64/Review_Today-Swift.h -working-directory /Users/rexyoung/Desktop/vibe\ coding/Review_Today -experimental-emit-module-separately -disable-cmo

SwiftDriverJobDiscovery normal arm64 Emitting module for Review_Today (in target 'Review_Today' from project 'Review_Today')

SwiftDriver\ Compilation\ Requirements Review_Today normal arm64 com.apple.xcode.tools.swift.compiler (in target 'Review_Today' from project 'Review_Today')
    cd /Users/rexyoung/Desktop/vibe\ coding/Review_Today
    builtin-Swift-Compilation-Requirements -- /Applications/Xcode.app/Contents/Developer/Toolchains/XcodeDefault.xctoolchain/usr/bin/swiftc -module-name Review_Today -Onone @/tmp/review-today-card-preview-build/Build/Intermediates.noindex/Review_Today.build/Debug/Review_Today.build/Objects-normal/arm64/Review_Today.SwiftFileList -DDEBUG -default-isolation\=MainActor -enable-bare-slash-regex -enable-upcoming-feature DisableOutwardActorInference -enable-upcoming-feature InferSendableFromCaptures -enable-upcoming-feature GlobalActorIsolatedTypesUsability -enable-upcoming-feature MemberImportVisibility -enable-upcoming-feature InferIsolatedConformances -enable-upcoming-feature NonisolatedNonsendingByDefault -enable-experimental-feature DebugDescriptionMacro -sdk /Applications/Xcode.app/Contents/Developer/Platforms/MacOSX.platform/Developer/SDKs/MacOSX27.0.sdk -target arm64-apple-macos26.5 -g -module-cache-path /tmp/review-today-card-preview-build/ModuleCache.noindex -Xfrontend -serialize-debugging-options -enable-testing -index-store-path /tmp/review-today-card-preview-build/Index.noindex/DataStore -Xcc -D_LIBCPP_HARDENING_MODE\=_LIBCPP_HARDENING_MODE_DEBUG -swift-version 5 -I /tmp/review-today-card-preview-build/Build/Products/Debug -F /tmp/review-today-card-preview-build/Build/Products/Debug/PackageFrameworks -F /tmp/review-today-card-preview-build/Build/Products/Debug -emit-localized-strings -emit-localized-strings-path /tmp/review-today-card-preview-build/Build/Intermediates.noindex/Review_Today.build/Debug/Review_Today.build/Objects-normal/arm64 -c -j10 -enable-batch-mode -incremental -Xcc -ivfsstatcache -Xcc /tmp/review-today-card-preview-build/SDKStatCaches.noindex/macosx27.0-26A425-7231f6df4def33e022ae2eb8f782df1a.sdkstatcache -output-file-map /tmp/review-today-card-preview-build/Build/Intermediates.noindex/Review_Today.build/Debug/Review_Today.build/Objects-normal/arm64/Review_Today-OutputFileMap.json -save-temps -no-color-diagnostics -explicit-module-build -module-cache-path /tmp/review-today-card-preview-build/Build/Intermediates.noindex/SwiftExplicitPrecompiledModules -clang-scanner-module-cache-path /tmp/review-today-card-preview-build/ModuleCache.noindex -sdk-module-cache-path /tmp/review-today-card-preview-build/SDKExplicitPrecompiledModules -emit-dependencies -emit-module -emit-module-path /tmp/review-today-card-preview-build/Build/Intermediates.noindex/Review_Today.build/Debug/Review_Today.build/Objects-normal/arm64/Review_Today.swiftmodule -serialize-diagnostics -dependency-scan-serialize-diagnostics-path /tmp/review-today-card-preview-build/Build/Intermediates.noindex/Review_Today.build/Debug/Review_Today.build/Objects-normal/arm64/Review_Today-dependency-scan.dia -validate-clang-modules-once -clang-build-session-file /tmp/review-today-card-preview-build/ModuleCache.noindex/Session.modulevalidation -Xcc -fmodules-prune-interval\=86400 -Xcc -fmodules-prune-after\=345600 -emit-const-values -const-gather-protocols-list /tmp/review-today-card-preview-build/Build/Intermediates.noindex/Review_Today.build/Debug/Review_Today.build/Objects-normal/arm64/Review_Today_const_extract_protocols.json -Xcc -iquote -Xcc /tmp/review-today-card-preview-build/Build/Intermediates.noindex/Review_Today.build/Debug/Review_Today.build/Review_Today-generated-files.hmap -Xcc -I/tmp/review-today-card-preview-build/Build/Intermediates.noindex/Review_Today.build/Debug/Review_Today.build/Review_Today-own-target-headers.hmap -Xcc -I/tmp/review-today-card-preview-build/Build/Intermediates.noindex/Review_Today.build/Debug/Review_Today.build/Review_Today-all-non-framework-target-headers.hmap -Xcc -ivfsoverlay -Xcc /tmp/review-today-card-preview-build/Build/Intermediates.noindex/Review_Today.build/Debug/Review_Today-b70fdcf0cabbad8a9773b71bbe1a4aa3-VFS/all-product-headers.yaml -Xcc -iquote -Xcc /tmp/review-today-card-preview-build/Build/Intermediates.noindex/Review_Today.build/Debug/Review_Today.build/Review_Today-project-headers.hmap -Xcc -I/tmp/review-today-card-preview-build/Build/Products/Debug/include -Xcc -I/tmp/review-today-card-preview-build/Build/Intermediates.noindex/Review_Today.build/Debug/Review_Today.build/DerivedSources-normal/arm64 -Xcc -I/tmp/review-today-card-preview-build/Build/Intermediates.noindex/Review_Today.build/Debug/Review_Today.build/DerivedSources/arm64 -Xcc -I/tmp/review-today-card-preview-build/Build/Intermediates.noindex/Review_Today.build/Debug/Review_Today.build/DerivedSources -Xcc -DDEBUG\=1 -emit-objc-header -emit-objc-header-path /tmp/review-today-card-preview-build/Build/Intermediates.noindex/Review_Today.build/Debug/Review_Today.build/Objects-normal/arm64/Review_Today-Swift.h -working-directory /Users/rexyoung/Desktop/vibe\ coding/Review_Today -experimental-emit-module-separately -disable-cmo

Copy /tmp/review-today-card-preview-build/Build/Products/Debug/Review_Today.swiftmodule/arm64-apple-macos.swiftmodule /tmp/review-today-card-preview-build/Build/Intermediates.noindex/Review_Today.build/Debug/Review_Today.build/Objects-normal/arm64/Review_Today.swiftmodule (in target 'Review_Today' from project 'Review_Today')
    cd /Users/rexyoung/Desktop/vibe\ coding/Review_Today
    builtin-copy -exclude .DS_Store -exclude CVS -exclude .svn -exclude .git -exclude .hg -resolve-src-symlinks -rename /tmp/review-today-card-preview-build/Build/Intermediates.noindex/Review_Today.build/Debug/Review_Today.build/Objects-normal/arm64/Review_Today.swiftmodule /tmp/review-today-card-preview-build/Build/Products/Debug/Review_Today.swiftmodule/arm64-apple-macos.swiftmodule

Copy /tmp/review-today-card-preview-build/Build/Products/Debug/Review_Today.swiftmodule/arm64-apple-macos.swiftdoc /tmp/review-today-card-preview-build/Build/Intermediates.noindex/Review_Today.build/Debug/Review_Today.build/Objects-normal/arm64/Review_Today.swiftdoc (in target 'Review_Today' from project 'Review_Today')
    cd /Users/rexyoung/Desktop/vibe\ coding/Review_Today
    builtin-copy -exclude .DS_Store -exclude CVS -exclude .svn -exclude .git -exclude .hg -resolve-src-symlinks -rename /tmp/review-today-card-preview-build/Build/Intermediates.noindex/Review_Today.build/Debug/Review_Today.build/Objects-normal/arm64/Review_Today.swiftdoc /tmp/review-today-card-preview-build/Build/Products/Debug/Review_Today.swiftmodule/arm64-apple-macos.swiftdoc

Copy /tmp/review-today-card-preview-build/Build/Products/Debug/Review_Today.swiftmodule/arm64-apple-macos.abi.json /tmp/review-today-card-preview-build/Build/Intermediates.noindex/Review_Today.build/Debug/Review_Today.build/Objects-normal/arm64/Review_Today.abi.json (in target 'Review_Today' from project 'Review_Today')
    cd /Users/rexyoung/Desktop/vibe\ coding/Review_Today
    builtin-copy -exclude .DS_Store -exclude CVS -exclude .svn -exclude .git -exclude .hg -resolve-src-symlinks -rename /tmp/review-today-card-preview-build/Build/Intermediates.noindex/Review_Today.build/Debug/Review_Today.build/Objects-normal/arm64/Review_Today.abi.json /tmp/review-today-card-preview-build/Build/Products/Debug/Review_Today.swiftmodule/arm64-apple-macos.abi.json

Copy /tmp/review-today-card-preview-build/Build/Products/Debug/Review_Today.swiftmodule/Project/arm64-apple-macos.swiftsourceinfo /tmp/review-today-card-preview-build/Build/Intermediates.noindex/Review_Today.build/Debug/Review_Today.build/Objects-normal/arm64/Review_Today.swiftsourceinfo (in target 'Review_Today' from project 'Review_Today')
    cd /Users/rexyoung/Desktop/vibe\ coding/Review_Today
    builtin-copy -exclude .DS_Store -exclude CVS -exclude .svn -exclude .git -exclude .hg -resolve-src-symlinks -rename /tmp/review-today-card-preview-build/Build/Intermediates.noindex/Review_Today.build/Debug/Review_Today.build/Objects-normal/arm64/Review_Today.swiftsourceinfo /tmp/review-today-card-preview-build/Build/Products/Debug/Review_Today.swiftmodule/Project/arm64-apple-macos.swiftsourceinfo

Ld /tmp/review-today-card-preview-build/Build/Products/Debug/Review_Today.app/Contents/MacOS/Review_Today.debug.dylib normal (in target 'Review_Today' from project 'Review_Today')
    cd /Users/rexyoung/Desktop/vibe\ coding/Review_Today
    /Applications/Xcode.app/Contents/Developer/Toolchains/XcodeDefault.xctoolchain/usr/bin/clang -Xlinker -reproducible -target arm64-apple-macos26.5 -dynamiclib -isysroot /Applications/Xcode.app/Contents/Developer/Platforms/MacOSX.platform/Developer/SDKs/MacOSX27.0.sdk -O0 -Xlinker -no_warn_duplicate_libraries -L/tmp/review-today-card-preview-build/Build/Intermediates.noindex/EagerLinkingTBDs/Debug -L/tmp/review-today-card-preview-build/Build/Products/Debug -F/tmp/review-today-card-preview-build/Build/Intermediates.noindex/EagerLinkingTBDs/Debug -F/tmp/review-today-card-preview-build/Build/Products/Debug/PackageFrameworks -F/tmp/review-today-card-preview-build/Build/Products/Debug -filelist /tmp/review-today-card-preview-build/Build/Intermediates.noindex/Review_Today.build/Debug/Review_Today.build/Objects-normal/arm64/Review_Today.LinkFileList -install_name @rpath/Review_Today.debug.dylib -Xlinker -rpath -Xlinker @loader_path -Xlinker -rpath -Xlinker /tmp/review-today-card-preview-build/Build/Products/Debug/PackageFrameworks -Xlinker -rpath -Xlinker @executable_path/../Frameworks -Xlinker -object_path_lto -Xlinker /tmp/review-today-card-preview-build/Build/Intermediates.noindex/Review_Today.build/Debug/Review_Today.build/Objects-normal/arm64/Review_Today_lto.o -rdynamic -Xlinker -no_deduplicate -Xlinker -dependency_info -Xlinker /tmp/review-today-card-preview-build/Build/Intermediates.noindex/Review_Today.build/Debug/Review_Today.build/Objects-normal/arm64/Review_Today_dependency_info.dat -fobjc-link-runtime -L/Applications/Xcode.app/Contents/Developer/Toolchains/XcodeDefault.xctoolchain/usr/lib/swift/macosx -L/usr/lib/swift -Xlinker -add_ast_path -Xlinker /tmp/review-today-card-preview-build/Build/Intermediates.noindex/Review_Today.build/Debug/Review_Today.build/Objects-normal/arm64/Review_Today.swiftmodule -Xlinker -alias -Xlinker _main -Xlinker ___debug_main_executable_dylib_entry_point -Xlinker -no_adhoc_codesign -o /tmp/review-today-card-preview-build/Build/Products/Debug/Review_Today.app/Contents/MacOS/Review_Today.debug.dylib

ConstructStubExecutorLinkFileList /tmp/review-today-card-preview-build/Build/Intermediates.noindex/Review_Today.build/Debug/Review_Today.build/Review_Today-ExecutorLinkFileList-normal-arm64.txt (in target 'Review_Today' from project 'Review_Today')
    cd /Users/rexyoung/Desktop/vibe\ coding/Review_Today
    construct-stub-executor-link-file-list /tmp/review-today-card-preview-build/Build/Products/Debug/Review_Today.app/Contents/MacOS/Review_Today.debug.dylib /Applications/Xcode.app/Contents/Developer/Platforms/MacOSX.platform/Developer/usr/lib/libPreviewsJITStubExecutor_no_swift_entry_point.a /Applications/Xcode.app/Contents/Developer/Platforms/MacOSX.platform/Developer/usr/lib/libPreviewsJITStubExecutor.a --output /tmp/review-today-card-preview-build/Build/Intermediates.noindex/Review_Today.build/Debug/Review_Today.build/Review_Today-ExecutorLinkFileList-normal-arm64.txt
note: Using stub executor library with Swift entry point. (in target 'Review_Today' from project 'Review_Today')

Ld /tmp/review-today-card-preview-build/Build/Products/Debug/Review_Today.app/Contents/MacOS/Review_Today normal (in target 'Review_Today' from project 'Review_Today')
    cd /Users/rexyoung/Desktop/vibe\ coding/Review_Today
    /Applications/Xcode.app/Contents/Developer/Toolchains/XcodeDefault.xctoolchain/usr/bin/clang -Xlinker -reproducible -target arm64-apple-macos26.5 -isysroot /Applications/Xcode.app/Contents/Developer/Platforms/MacOSX.platform/Developer/SDKs/MacOSX27.0.sdk -O0 -Xlinker -no_warn_duplicate_libraries -L/tmp/review-today-card-preview-build/Build/Products/Debug -F/tmp/review-today-card-preview-build/Build/Products/Debug/PackageFrameworks -F/tmp/review-today-card-preview-build/Build/Products/Debug -Xlinker -rpath -Xlinker @executable_path -Xlinker -rpath -Xlinker @loader_path -Xlinker -rpath -Xlinker /tmp/review-today-card-preview-build/Build/Products/Debug/PackageFrameworks -Xlinker -rpath -Xlinker @executable_path/../Frameworks -rdynamic -Xlinker -no_deduplicate -e ___debug_blank_executor_main -Xlinker -sectcreate -Xlinker __TEXT -Xlinker __debug_dylib -Xlinker /tmp/review-today-card-preview-build/Build/Intermediates.noindex/Review_Today.build/Debug/Review_Today.build/Review_Today-DebugDylibPath-normal-arm64.txt -Xlinker -sectcreate -Xlinker __TEXT -Xlinker __debug_instlnm -Xlinker /tmp/review-today-card-preview-build/Build/Intermediates.noindex/Review_Today.build/Debug/Review_Today.build/Review_Today-DebugDylibInstallName-normal-arm64.txt -Xlinker -filelist -Xlinker /tmp/review-today-card-preview-build/Build/Intermediates.noindex/Review_Today.build/Debug/Review_Today.build/Review_Today-ExecutorLinkFileList-normal-arm64.txt /tmp/review-today-card-preview-build/Build/Products/Debug/Review_Today.app/Contents/MacOS/Review_Today.debug.dylib -Xlinker -no_adhoc_codesign -o /tmp/review-today-card-preview-build/Build/Products/Debug/Review_Today.app/Contents/MacOS/Review_Today

ExtractAppIntentsMetadata (in target 'Review_Today' from project 'Review_Today')
    cd /Users/rexyoung/Desktop/vibe\ coding/Review_Today
    /Applications/Xcode.app/Contents/Developer/Toolchains/XcodeDefault.xctoolchain/usr/bin/appintentsmetadataprocessor --toolchain-dir /Applications/Xcode.app/Contents/Developer/Toolchains/XcodeDefault.xctoolchain --module-name Review_Today --sdk-root /Applications/Xcode.app/Contents/Developer/Platforms/MacOSX.platform/Developer/SDKs/MacOSX27.0.sdk --xcode-version 27A266a --platform-family macOS --deployment-target 26.5 --bundle-identifier Rex.Review-Today --output /tmp/review-today-card-preview-build/Build/Products/Debug/Review_Today.app/Contents/Resources --target-triple arm64-apple-macos26.5 --binary-file /tmp/review-today-card-preview-build/Build/Products/Debug/Review_Today.app/Contents/MacOS/Review_Today --dependency-file /tmp/review-today-card-preview-build/Build/Intermediates.noindex/Review_Today.build/Debug/Review_Today.build/Objects-normal/arm64/Review_Today_dependency_info.dat --stringsdata-file /tmp/review-today-card-preview-build/Build/Intermediates.noindex/Review_Today.build/Debug/Review_Today.build/Objects-normal/arm64/ExtractedAppShortcutsMetadata.stringsdata --source-file-list /tmp/review-today-card-preview-build/Build/Intermediates.noindex/Review_Today.build/Debug/Review_Today.build/Objects-normal/arm64/Review_Today.SwiftFileList --metadata-file-list /tmp/review-today-card-preview-build/Build/Intermediates.noindex/Review_Today.build/Debug/Review_Today.build/Review_Today.DependencyMetadataFileList --static-metadata-file-list /tmp/review-today-card-preview-build/Build/Intermediates.noindex/Review_Today.build/Debug/Review_Today.build/Review_Today.DependencyStaticMetadataFileList --swift-const-vals-list /tmp/review-today-card-preview-build/Build/Intermediates.noindex/Review_Today.build/Debug/Review_Today.build/Objects-normal/arm64/Review_Today.SwiftConstValuesFileList --compile-time-extraction --deployment-aware-processing --no-app-shortcuts-localization
2026-10-04 21:49:18.555 appintentsmetadataprocessor[51187:4169104] Starting appintentsmetadataprocessor export
2026-10-04 21:49:18.556 appintentsmetadataprocessor[51187:4169104] warning: Metadata extraction skipped, no AppIntents.framework dependency found

CopySwiftLibs /tmp/review-today-card-preview-build/Build/Products/Debug/Review_Today.app (in target 'Review_Today' from project 'Review_Today')
    cd /Users/rexyoung/Desktop/vibe\ coding/Review_Today
    builtin-swiftStdLibTool --copy --verbose --sign AF533FFD9CA2C374CAC7054AE00E006413550827 --scan-executable /tmp/review-today-card-preview-build/Build/Products/Debug/Review_Today.app/Contents/MacOS/Review_Today.debug.dylib --scan-folder /tmp/review-today-card-preview-build/Build/Products/Debug/Review_Today.app/Contents/Frameworks --scan-folder /tmp/review-today-card-preview-build/Build/Products/Debug/Review_Today.app/Contents/PlugIns --scan-folder /tmp/review-today-card-preview-build/Build/Products/Debug/Review_Today.app/Contents/Library/SystemExtensions --scan-folder /tmp/review-today-card-preview-build/Build/Products/Debug/Review_Today.app/Contents/Extensions --platform macosx --toolchain /Applications/Xcode.app/Contents/Developer/Toolchains/XcodeDefault.xctoolchain --destination /tmp/review-today-card-preview-build/Build/Products/Debug/Review_Today.app/Contents/Frameworks --strip-bitcode --strip-bitcode-tool /Applications/Xcode.app/Contents/Developer/Toolchains/XcodeDefault.xctoolchain/usr/bin/bitcode_strip --emit-dependency-info /tmp/review-today-card-preview-build/Build/Intermediates.noindex/Review_Today.build/Debug/Review_Today.build/SwiftStdLibToolInputDependencies.dep --filter-for-swift-os

CodeSign /tmp/review-today-card-preview-build/Build/Products/Debug/Review_Today.app/Contents/MacOS/Review_Today.debug.dylib (in target 'Review_Today' from project 'Review_Today')
    cd /Users/rexyoung/Desktop/vibe\ coding/Review_Today
    
    Signing Identity:     "Apple Development: a17415991@gmail.com (L486BYR7S7)"
    
    /usr/bin/codesign --force --sign AF533FFD9CA2C374CAC7054AE00E006413550827 --timestamp\=none --generate-entitlement-der /tmp/review-today-card-preview-build/Build/Products/Debug/Review_Today.app/Contents/MacOS/Review_Today.debug.dylib

CodeSign /tmp/review-today-card-preview-build/Build/Products/Debug/Review_Today.app/Contents/MacOS/__preview.dylib (in target 'Review_Today' from project 'Review_Today')
    cd /Users/rexyoung/Desktop/vibe\ coding/Review_Today
    
    Signing Identity:     "Apple Development: a17415991@gmail.com (L486BYR7S7)"
    
    /usr/bin/codesign --force --sign AF533FFD9CA2C374CAC7054AE00E006413550827 --timestamp\=none --generate-entitlement-der /tmp/review-today-card-preview-build/Build/Products/Debug/Review_Today.app/Contents/MacOS/__preview.dylib
/tmp/review-today-card-preview-build/Build/Products/Debug/Review_Today.app/Contents/MacOS/__preview.dylib: replacing existing signature

CodeSign /tmp/review-today-card-preview-build/Build/Products/Debug/Review_Today.app (in target 'Review_Today' from project 'Review_Today')
    cd /Users/rexyoung/Desktop/vibe\ coding/Review_Today
    
    Signing Identity:     "Apple Development: a17415991@gmail.com (L486BYR7S7)"
    
    /usr/bin/codesign --force --sign AF533FFD9CA2C374CAC7054AE00E006413550827 --entitlements /tmp/review-today-card-preview-build/Build/Intermediates.noindex/Review_Today.build/Debug/Review_Today.build/Review_Today.app.xcent --timestamp\=none --generate-entitlement-der /tmp/review-today-card-preview-build/Build/Products/Debug/Review_Today.app

Validate /tmp/review-today-card-preview-build/Build/Products/Debug/Review_Today.app (in target 'Review_Today' from project 'Review_Today')
    cd /Users/rexyoung/Desktop/vibe\ coding/Review_Today
    builtin-validationUtility /tmp/review-today-card-preview-build/Build/Products/Debug/Review_Today.app -no-validate-extension -infoplist-subpath Contents/Info.plist

RegisterWithLaunchServices /tmp/review-today-card-preview-build/Build/Products/Debug/Review_Today.app (in target 'Review_Today' from project 'Review_Today')
    cd /Users/rexyoung/Desktop/vibe\ coding/Review_Today
    builtin-lsregisterurl --record-path /tmp/review-today-card-preview-build/Build/Intermediates.noindex/XCBuildData/registered-launchservices.txt -- /System/Library/Frameworks/CoreServices.framework/Versions/Current/Frameworks/LaunchServices.framework/Versions/Current/Support/lsregister -f -R -trusted /tmp/review-today-card-preview-build/Build/Products/Debug/Review_Today.app

PruneExplicitPrecompiledModules /tmp/review-today-card-preview-build/Build/Intermediates.noindex/SwiftExplicitPrecompiledModules

PruneExplicitPrecompiledModules /tmp/review-today-card-preview-build/Build/Intermediates.noindex/ExplicitPrecompiledModules

PruneExplicitPrecompiledModules /tmp/review-today-card-preview-build/SDKExplicitPrecompiledModules

** BUILD SUCCEEDED **

