/Users/rexyoung/Desktop/vibe coding/Review_Today/Review_Today/LearningImageImport.swift:158:26: warning: 'loadItem(forTypeIdentifier:options:completionHandler:)' was deprecated in macOS 27.0: Use loadObjectOfClass:completionHandler: instead. [#DeprecatedDeclaration]
156 |             switch representation {
157 |             case .fileURL:
158 |                 provider.loadItem(forTypeIdentifier: UTType.fileURL.identifier, options: nil) { [self] value, error in
    |                          `- warning: 'loadItem(forTypeIdentifier:options:completionHandler:)' was deprecated in macOS 27.0: Use loadObjectOfClass:completionHandler: instead. [#DeprecatedDeclaration]
159 |                     accept(Result {
160 |                         if let error { throw error }

/Users/rexyoung/Desktop/vibe coding/Review_Today/Review_Today/LearningImageImport.swift:187:26: warning: 'loadItem(forTypeIdentifier:options:completionHandler:)' was deprecated in macOS 27.0: Use loadObjectOfClass:completionHandler: instead. [#DeprecatedDeclaration]
185 |                 }
186 |             case .item(let type):
187 |                 provider.loadItem(forTypeIdentifier: type, options: nil) { [self] value, error in
    |                          `- warning: 'loadItem(forTypeIdentifier:options:completionHandler:)' was deprecated in macOS 27.0: Use loadObjectOfClass:completionHandler: instead. [#DeprecatedDeclaration]
188 |                     accept(Result {
189 |                         if let error { throw error }

[#DeprecatedDeclaration]: <https://docs.swift.org/compiler/documentation/diagnostics/deprecated-declaration>
/Users/rexyoung/Desktop/vibe coding/Review_Today/Review_Today/KnowledgeLexicon.swift:179:13: warning: variable 'value' was never mutated; consider changing to 'let' constant [#VariableNeverMutated]
177 | 
178 |     private static func isWeak(_ text: String) -> Bool {
179 |         var value = text.trimmingCharacters(in: .whitespacesAndNewlines)
    |             `- warning: variable 'value' was never mutated; consider changing to 'let' constant [#VariableNeverMutated]
180 |         if value.count < 2 { return true }
181 |         if genericTitles.contains(value) { return true }

[#VariableNeverMutated]: <https://docs.swift.org/compiler/documentation/diagnostics/variable-never-mutated>
/Users/rexyoung/Desktop/vibe coding/Review_Today/Review_Today/LibraryInboxSettings.swift:182:13: warning: result of 'try?' is unused [#NoUsage]
180 |             task.updatedAt = .now
181 |             try? modelContext.save()
182 |             try? await AgentAPI.captureAction(taskId: task.id, action: "delete")
    |             `- warning: result of 'try?' is unused [#NoUsage]
183 |             return
184 |         }

[#NoUsage]: <https://docs.swift.org/compiler/documentation/diagnostics/no-usage>
/Users/rexyoung/Desktop/vibe coding/Review_Today/Review_Today/AgentVoiceAudio.swift:423:16: warning: 'connect(_:to:format:)' was deprecated in macOS 27.0 [#DeprecatedDeclaration]
421 |         }
422 |         engine.attach(player); attached = true
423 |         engine.connect(player, to: engine.mainMixerNode, format: outputFormat)
    |                `- warning: 'connect(_:to:format:)' was deprecated in macOS 27.0 [#DeprecatedDeclaration]
424 |         inputGate.update(enabled: true); outputGate.update(enabled: true)
425 |         let inputGate = inputGate, outputGate = outputGate

/Users/rexyoung/Desktop/vibe coding/Review_Today/Review_Today/AgentVoiceAudio.swift:426:26: warning: 'installTap(onBus:bufferSize:format:block:)' was deprecated in macOS 27.0 [#DeprecatedDeclaration]
424 |         inputGate.update(enabled: true); outputGate.update(enabled: true)
425 |         let inputGate = inputGate, outputGate = outputGate
426 |         engine.inputNode.installTap(onBus: 0, bufferSize: 1024, format: inputFormat) { buffer, _ in
    |                          `- warning: 'installTap(onBus:bufferSize:format:block:)' was deprecated in macOS 27.0 [#DeprecatedDeclaration]
427 |             guard let ticket = inputGate.ticket(), let sample = converter.convert(buffer) else { return }
428 |             Task { @MainActor in if inputGate.accepts(ticket) { input(sample) } }

/Users/rexyoung/Desktop/vibe coding/Review_Today/Review_Today/AgentVoiceAudio.swift:431:16: warning: 'installTap(onBus:bufferSize:format:block:)' was deprecated in macOS 27.0 [#DeprecatedDeclaration]
429 |         }
430 |         hasInputTap = true
431 |         player.installTap(onBus: 0, bufferSize: 1024, format: outputFormat) { buffer, _ in
    |                `- warning: 'installTap(onBus:bufferSize:format:block:)' was deprecated in macOS 27.0 [#DeprecatedDeclaration]
432 |             guard let ticket = outputGate.ticket() else { return }
433 |             let level = AgentVoicePCMConverter.level(buffer)

/Users/rexyoung/Desktop/vibe coding/Review_Today/Review_Today/AgentVoiceAudio.swift:437:36: warning: 'play()' was deprecated in macOS 27.0 [#DeprecatedDeclaration]
435 |         }
436 |         hasOutputTap = true
437 |         try engine.start(); player.play()
    |                                    `- warning: 'play()' was deprecated in macOS 27.0 [#DeprecatedDeclaration]
438 |     }
439 | 

/Users/rexyoung/Desktop/vibe coding/Review_Today/Review_Today/AgentVoiceAudio.swift:460:53: warning: 'play()' was deprecated in macOS 27.0 [#DeprecatedDeclaration]
458 |     func interrupt() {
459 |         outputGate.update(enabled: true)
460 |         player.stop(); if engine.isRunning { player.play() }
    |                                                     `- warning: 'play()' was deprecated in macOS 27.0 [#DeprecatedDeclaration]
461 |     }
462 | 

[#DeprecatedDeclaration]: <https://docs.swift.org/compiler/documentation/diagnostics/deprecated-declaration>
/Users/rexyoung/Desktop/vibe coding/Review_Today/Review_Today/ReviewVoice.swift:78:16: warning: 'connect(_:to:format:)' was deprecated in macOS 27.0 [#DeprecatedDeclaration]
 76 |         self.converter = converter
 77 |         engine.attach(player)
 78 |         engine.connect(player, to: engine.mainMixerNode, format: AVAudioFormat(standardFormatWithSampleRate: 24000, channels: 1))
    |                `- warning: 'connect(_:to:format:)' was deprecated in macOS 27.0 [#DeprecatedDeclaration]
 79 |         engine.inputNode.installTap(onBus: 0, bufferSize: 1024, format: input) { [weak self, converter] buffer, _ in
 80 |             guard let sample = converter.convert(buffer) else { return }

/Users/rexyoung/Desktop/vibe coding/Review_Today/Review_Today/ReviewVoice.swift:79:26: warning: 'installTap(onBus:bufferSize:format:block:)' was deprecated in macOS 27.0 [#DeprecatedDeclaration]
 77 |         engine.attach(player)
 78 |         engine.connect(player, to: engine.mainMixerNode, format: AVAudioFormat(standardFormatWithSampleRate: 24000, channels: 1))
 79 |         engine.inputNode.installTap(onBus: 0, bufferSize: 1024, format: input) { [weak self, converter] buffer, _ in
    |                          `- warning: 'installTap(onBus:bufferSize:format:block:)' was deprecated in macOS 27.0 [#DeprecatedDeclaration]
 80 |             guard let sample = converter.convert(buffer) else { return }
 81 |             Task { @MainActor [weak self] in

/Users/rexyoung/Desktop/vibe coding/Review_Today/Review_Today/ReviewVoice.swift:88:36: warning: 'play()' was deprecated in macOS 27.0 [#DeprecatedDeclaration]
 86 |         capturing = true
 87 |         self.engine = engine
 88 |         try engine.start(); player.play()
    |                                    `- warning: 'play()' was deprecated in macOS 27.0 [#DeprecatedDeclaration]
 89 |         status = "正在聆听"
 90 |     }

/Users/rexyoung/Desktop/vibe coding/Review_Today/Review_Today/ReviewVoice.swift:94:31: warning: 'play()' was deprecated in macOS 27.0 [#DeprecatedDeclaration]
 92 |     func say(_ text: String) {
 93 |         guard connected else { return }
 94 |         player.stop(); player.play()
    |                               `- warning: 'play()' was deprecated in macOS 27.0 [#DeprecatedDeclaration]
 95 |         pendingBuffers = 0; speechFinished = false
 96 |         let id = UUID(); speechID = id

/Users/rexyoung/Desktop/vibe coding/Review_Today/Review_Today/ReviewVoice.swift:115:47: warning: 'play()' was deprecated in macOS 27.0 [#DeprecatedDeclaration]
113 |     func interrupt() {
114 |         speechID = nil; player.stop()
115 |         if engine?.isRunning == true { player.play() }
    |                                               `- warning: 'play()' was deprecated in macOS 27.0 [#DeprecatedDeclaration]
116 |         if connected { enqueue(["type": "interrupt"]); status = muted ? "已静音" : "正在聆听" }
117 |     }

[#DeprecatedDeclaration]: <https://docs.swift.org/compiler/documentation/diagnostics/deprecated-declaration>
/Users/rexyoung/Desktop/vibe coding/Review_Today/tests/mac/TopicCaptureNativeQA.swift:76:85: warning: capture of 'context' with non-Sendable type 'ModelContext' in a '@Sendable' closure [#SendableClosureCaptures]
 74 |         receiptObserver = NotificationCenter.default.addObserver(forName: .knowledgeIngestionSaved, object: nil, queue: .main) { [weak self] note in
 75 |             MainActor.assumeIsolated {
 76 |                 guard let self, let owner = note.object as? ModelContext, owner === context,
    |                                                                                     `- warning: capture of 'context' with non-Sendable type 'ModelContext' in a '@Sendable' closure [#SendableClosureCaptures]
 77 |                       let receipt = note.userInfo?["receipt"] as? KnowledgeIngestionReceipt,
 78 |                       receipt.sessionID == session.id else { return }

SwiftData.ModelContext:3:14: note: class 'ModelContext' does not conform to the 'Sendable' protocol
 1 | @available(swift 5.9)
 2 | @available(macOS 14, iOS 17, tvOS 17, watchOS 10, *)
 3 | public class ModelContext : Equatable, SendableMetatype {
   |              `- note: class 'ModelContext' does not conform to the 'Sendable' protocol
 4 |     @available(swift 5.9)
 5 |     @available(macOS 15, iOS 18, tvOS 18, watchOS 11, visionOS 2, *)

/Users/rexyoung/Desktop/vibe coding/Review_Today/tests/mac/TopicCaptureNativeQA.swift:78:44: warning: capture of 'session' with non-Sendable type 'AgentSession' in a '@Sendable' closure [#SendableClosureCaptures]
 76 |                 guard let self, let owner = note.object as? ModelContext, owner === context,
 77 |                       let receipt = note.userInfo?["receipt"] as? KnowledgeIngestionReceipt,
 78 |                       receipt.sessionID == session.id else { return }
    |                                            `- warning: capture of 'session' with non-Sendable type 'AgentSession' in a '@Sendable' closure [#SendableClosureCaptures]
 79 |                 precondition(receipt.taskID == self.pendingSave?.task.id && receipt.inputID == self.pendingSave?.task.inputMessageID)
 80 |                 let diskIDs = self.knowledgeIDs(ModelContext(context.container))

/Users/rexyoung/Desktop/vibe coding/Review_Today/Review_Today/Models.swift:326:13: note: class 'AgentSession' does not conform to the 'Sendable' protocol
324 | 
325 | @Model
326 | final class AgentSession {
    |             `- note: class 'AgentSession' does not conform to the 'Sendable' protocol
327 |     var folderID: UUID? = nil
328 |     @Attribute(.unique) var id: UUID

/Users/rexyoung/Desktop/vibe coding/Review_Today/tests/mac/TopicCaptureNativeQA.swift:406:25: warning: capture of 'stream' with non-Sendable type 'SCStream' in a '@Sendable' closure [#SendableClosureCaptures]
404 |                 try await withCheckedThrowingContinuation { (continuation: CheckedContinuation<Void, Error>) in
405 |                     DispatchQueue.global(qos: .userInitiated).async {
406 |                         stream.startCapture { error in
    |                         `- warning: capture of 'stream' with non-Sendable type 'SCStream' in a '@Sendable' closure [#SendableClosureCaptures]
407 |                             if let error { continuation.resume(throwing: error) } else { continuation.resume() }
408 |                         }

/Applications/Xcode.app/Contents/Developer/Platforms/MacOSX.platform/Developer/SDKs/MacOSX27.0.sdk/System/Library/Frameworks/ScreenCaptureKit.framework/Headers/SCStream.h:475:12: note: class 'SCStream' does not conform to the 'Sendable' protocol
473 | @protocol SCStreamOutput;
474 | API_AVAILABLE(macos(12.3), macCatalyst(18.2), ios(27.0), visionos(27.0), tvos(27.0))
475 | @interface SCStream : NSObject
    |            `- note: class 'SCStream' does not conform to the 'Sendable' protocol
476 | 
477 | /*!

/Users/rexyoung/Desktop/vibe coding/Review_Today/tests/mac/TopicCaptureNativeQA.swift:4:1: warning: add '@preconcurrency' to suppress 'Sendable'-related warnings from module 'ScreenCaptureKit' [#AddPreconcurrencyImport]
  2 | import SwiftUI
  3 | import SwiftData
  4 | import ScreenCaptureKit
    | `- warning: add '@preconcurrency' to suppress 'Sendable'-related warnings from module 'ScreenCaptureKit' [#AddPreconcurrencyImport]
  5 | import AVFoundation
  6 | 

[#AddPreconcurrencyImport]: <https://docs.swift.org/compiler/documentation/diagnostics/add-preconcurrency-import>
[#SendableClosureCaptures]: <https://docs.swift.org/compiler/documentation/diagnostics/sendable-closure-captures>
error: input file '/Users/rexyoung/Desktop/vibe coding/Review_Today/Review_Today/TopicCapture.swift' was modified during the build
error: input file '/Users/rexyoung/Desktop/vibe coding/Review_Today/Review_Today/TopicCapture.swift' was modified during the build
Traceback (most recent call last):
  File "<stdin>", line 4, in <module>
  File "/opt/homebrew/Cellar/python@3.13/3.13.3_1/Frameworks/Python.framework/Versions/3.13/lib/python3.13/subprocess.py", line 577, in run
    raise CalledProcessError(retcode, process.args,
                             output=stdout, stderr=stderr)
subprocess.CalledProcessError: Command '['tests/mac/swift-with-fsrs.py', '-parse-as-library', '-D', 'DEBUG', '-swift-version', '5', '-default-isolation', 'MainActor', '-enable-upcoming-feature', 'MemberImportVisibility', '/Users/rexyoung/Desktop/vibe coding/Review_Today/Review_Today/MascotSpeechDemoController.swift', '/Users/rexyoung/Desktop/vibe coding/Review_Today/Review_Today/ActivityDayGrid.swift', '/Users/rexyoung/Desktop/vibe coding/Review_Today/Review_Today/ContextCapacityIndicator.swift', '/Users/rexyoung/Desktop/vibe coding/Review_Today/Review_Today/DeckRenderProbe.swift', '/Users/rexyoung/Desktop/vibe coding/Review_Today/Review_Today/ExamSelectionView.swift', '/Users/rexyoung/Desktop/vibe coding/Review_Today/Review_Today/AppRuntime.swift', '/Users/rexyoung/Desktop/vibe coding/Review_Today/Review_Today/AgentAPI.swift', '/Users/rexyoung/Desktop/vibe coding/Review_Today/Review_Today/LearningGoalContinuity.swift', '/Users/rexyoung/Desktop/vibe coding/Review_Today/Review_Today/ComposerControlsLayout.swift', '/Users/rexyoung/Desktop/vibe coding/Review_Today/Review_Today/LearningDraftStore.swift', '/Users/rexyoung/Desktop/vibe coding/Review_Today/Review_Today/KnowledgeDeckNavigation.swift', '/Users/rexyoung/Desktop/vibe coding/Review_Today/Review_Today/LearningImageAttachment.swift', '/Users/rexyoung/Desktop/vibe coding/Review_Today/Review_Today/LearningMemory.swift', '/Users/rexyoung/Desktop/vibe coding/Review_Today/Review_Today/ReviewPresentation.swift', '/Users/rexyoung/Desktop/vibe coding/Review_Today/Review_Today/SettingsView.swift', '/Users/rexyoung/Desktop/vibe coding/Review_Today/Review_Today/UserLanguage.swift', '/Users/rexyoung/Desktop/vibe coding/Review_Today/Review_Today/TodayActivitySource.swift', '/Users/rexyoung/Desktop/vibe coding/Review_Today/Review_Today/MascotMotion.swift', '/Users/rexyoung/Desktop/vibe coding/Review_Today/Review_Today/DictationController.swift', '/Users/rexyoung/Desktop/vibe coding/Review_Today/Review_Today/LearningImageDrop.swift', '/Users/rexyoung/Desktop/vibe coding/Review_Today/Review_Today/DictationComposerSurface.swift', '/Users/rexyoung/Desktop/vibe coding/Review_Today/Review_Today/TodayActivitySnapshot.swift', '/Users/rexyoung/Desktop/vibe coding/Review_Today/Review_Today/SessionTagEditor.swift', '/Users/rexyoung/Desktop/vibe coding/Review_Today/Review_Today/ExamEntrySpine.swift', '/Users/rexyoung/Desktop/vibe coding/Review_Today/Review_Today/LocalDataReset.swift', '/Users/rexyoung/Desktop/vibe coding/Review_Today/Review_Today/AgentTitleMascot.swift', '/Users/rexyoung/Desktop/vibe coding/Review_Today/Review_Today/LearningComposerInput.swift', '/Users/rexyoung/Desktop/vibe coding/Review_Today/Review_Today/KnowledgeIngestion.swift', '/Users/rexyoung/Desktop/vibe coding/Review_Today/Review_Today/M1DebugFixture.swift', '/Users/rexyoung/Desktop/vibe coding/Review_Today/Review_Today/NavigationPerformance.swift', '/Users/rexyoung/Desktop/vibe coding/Review_Today/Review_Today/ConversationWorkSnapshot.swift', '/Users/rexyoung/Desktop/vibe coding/Review_Today/Review_Today/PageArrivalFade.swift', '/Users/rexyoung/Desktop/vibe coding/Review_Today/Review_Today/LearningWorkspace.swift', '/Users/rexyoung/Desktop/vibe coding/Review_Today/Review_Today/KnowledgeLocator.swift', '/Users/rexyoung/Desktop/vibe coding/Review_Today/Review_Today/LearningImageImport.swift', '/Users/rexyoung/Desktop/vibe coding/Review_Today/Review_Today/LearningTextInput.swift', '/Users/rexyoung/Desktop/vibe coding/Review_Today/Review_Today/ReviewController.swift', '/Users/rexyoung/Desktop/vibe coding/Review_Today/Review_Today/MascotMotionPreview.swift', '/Users/rexyoung/Desktop/vibe coding/Review_Today/Review_Today/ConversationSync.swift', '/Users/rexyoung/Desktop/vibe coding/Review_Today/Review_Today/KnowledgeManagement.swift', '/Users/rexyoung/Desktop/vibe coding/Review_Today/Review_Today/KnowledgeLexicon.swift', '/Users/rexyoung/Desktop/vibe coding/Review_Today/Review_Today/ConversationCheckpoint.swift', '/Users/rexyoung/Desktop/vibe coding/Review_Today/Review_Today/LearningAnswerText.swift', '/Users/rexyoung/Desktop/vibe coding/Review_Today/Review_Today/DepthCarousel.swift', '/Users/rexyoung/Desktop/vibe coding/Review_Today/Review_Today/InteractionChrome.swift', '/Users/rexyoung/Desktop/vibe coding/Review_Today/Review_Today/ReviewCoordinator.swift', '/Users/rexyoung/Desktop/vibe coding/Review_Today/Review_Today/RecentLearningDetail.swift', '/Users/rexyoung/Desktop/vibe coding/Review_Today/Review_Today/RunFeedbackViews.swift', '/Users/rexyoung/Desktop/vibe coding/Review_Today/Review_Today/AgentVoiceComposerStatus.swift', '/Users/rexyoung/Desktop/vibe coding/Review_Today/Review_Today/ReviewMaintenance.swift', '/Users/rexyoung/Desktop/vibe coding/Review_Today/Review_Today/VoiceRecorder.swift', '/Users/rexyoung/Desktop/vibe coding/Review_Today/Review_Today/BrandMark.swift', '/Users/rexyoung/Desktop/vibe coding/Review_Today/Review_Today/LearningTaskCard.swift', '/Users/rexyoung/Desktop/vibe coding/Review_Today/Review_Today/DictationComposerStatus.swift', '/Users/rexyoung/Desktop/vibe coding/Review_Today/Review_Today/BrandMaterialTrial.swift', '/Users/rexyoung/Desktop/vibe coding/Review_Today/Review_Today/ReviewSummaryView.swift', '/Users/rexyoung/Desktop/vibe coding/Review_Today/Review_Today/AnswerDocument.swift', '/Users/rexyoung/Desktop/vibe coding/Review_Today/Review_Today/LearningSessionProgress.swift', '/Users/rexyoung/Desktop/vibe coding/Review_Today/Review_Today/ReminderNotifications.swift', '/Users/rexyoung/Desktop/vibe coding/Review_Today/Review_Today/TopicCapture.swift', '/Users/rexyoung/Desktop/vibe coding/Review_Today/Review_Today/Models.swift', '/Users/rexyoung/Desktop/vibe coding/Review_Today/Review_Today/AgentVoiceConversation.swift', '/Users/rexyoung/Desktop/vibe coding/Review_Today/Review_Today/SidebarNavigation.swift', '/Users/rexyoung/Desktop/vibe coding/Review_Today/Review_Today/AgentServiceMonitor.swift', '/Users/rexyoung/Desktop/vibe coding/Review_Today/Review_Today/AgentSpeechSegments.swift', '/Users/rexyoung/Desktop/vibe coding/Review_Today/Review_Today/GlassPreviewStyle.swift', '/Users/rexyoung/Desktop/vibe coding/Review_Today/Review_Today/LibraryInboxSettings.swift', '/Users/rexyoung/Desktop/vibe coding/Review_Today/Review_Today/ConversationModels.swift', '/Users/rexyoung/Desktop/vibe coding/Review_Today/Review_Today/SessionOrganization.swift', '/Users/rexyoung/Desktop/vibe coding/Review_Today/Review_Today/CaptureProcessor.swift', '/Users/rexyoung/Desktop/vibe coding/Review_Today/Review_Today/AgentComposerStore.swift', '/Users/rexyoung/Desktop/vibe coding/Review_Today/Review_Today/AgentVoiceAudio.swift', '/Users/rexyoung/Desktop/vibe coding/Review_Today/Review_Today/RunwayChrome.swift', '/Users/rexyoung/Desktop/vibe coding/Review_Today/Review_Today/BrandTypography.swift', '/Users/rexyoung/Desktop/vibe coding/Review_Today/Review_Today/ComposerKnowledgePicker.swift', '/Users/rexyoung/Desktop/vibe coding/Review_Today/Review_Today/MascotAnimationPOC.swift', '/Users/rexyoung/Desktop/vibe coding/Review_Today/Review_Today/MrBPresentation.swift', '/Users/rexyoung/Desktop/vibe coding/Review_Today/Review_Today/ReviewAPI.swift', '/Users/rexyoung/Desktop/vibe coding/Review_Today/Review_Today/SessionActivityStatus.swift', '/Users/rexyoung/Desktop/vibe coding/Review_Today/Review_Today/ReviewView.swift', '/Users/rexyoung/Desktop/vibe coding/Review_Today/Review_Today/SessionDeletion.swift', '/Users/rexyoung/Desktop/vibe coding/Review_Today/Review_Today/KnowledgeCardReader.swift', '/Users/rexyoung/Desktop/vibe coding/Review_Today/Review_Today/ReviewVoice.swift', '/Users/rexyoung/Desktop/vibe coding/Review_Today/Review_Today/TodayView.swift', '/Users/rexyoung/Desktop/vibe coding/Review_Today/Review_Today/KnowledgeLibrary.swift', '/Users/rexyoung/Desktop/vibe coding/Review_Today/Review_Today/AnswerReadabilitySamples.swift', '/Users/rexyoung/Desktop/vibe coding/Review_Today/Review_Today/ThemeToggle.swift', '/Users/rexyoung/Desktop/vibe coding/Review_Today/Review_Today/LearningSessionActions.swift', '/Users/rexyoung/Desktop/vibe coding/Review_Today/Review_Today/SessionListSelection.swift', '/Users/rexyoung/Desktop/vibe coding/Review_Today/Review_Today/CoachMark.swift', '/Users/rexyoung/Desktop/vibe coding/Review_Today/Review_Today/KnowledgeDeckInput.swift', '/Users/rexyoung/Desktop/vibe coding/Review_Today/Review_Today/SidebarWindowControls.swift', '/Users/rexyoung/Desktop/vibe coding/Review_Today/Review_Today/Fsrs.swift', '/Users/rexyoung/Desktop/vibe coding/Review_Today/Review_Today/ArchivedConversations.swift', '/Users/rexyoung/Desktop/vibe coding/Review_Today/Review_Today/HarnessProcessor.swift', '/Users/rexyoung/Desktop/vibe coding/Review_Today/Review_Today/MessageDeliveryPresentation.swift', '/Users/rexyoung/Desktop/vibe coding/Review_Today/Review_Today/ReviewFlow.swift', '/Users/rexyoung/Desktop/vibe coding/Review_Today/Review_Today/ContentView.swift', '/Users/rexyoung/Desktop/vibe coding/Review_Today/Review_Today/KnowledgePaperPresentation.swift', '/Users/rexyoung/Desktop/vibe coding/Review_Today/Review_Today/ConversationProcessor.swift', '/Users/rexyoung/Desktop/vibe coding/Review_Today/Review_Today/ReviewMigration.swift', '/Users/rexyoung/Desktop/vibe coding/Review_Today/Review_Today/ReviewPreparationView.swift', '/Users/rexyoung/Desktop/vibe coding/Review_Today/Review_Today/TodayGlassEntry.swift', '/Users/rexyoung/Desktop/vibe coding/Review_Today/Review_Today/TodayActivityHeatmap.swift', '/Users/rexyoung/Desktop/vibe coding/Review_Today/Review_Today/AppSidebar.swift', '/Users/rexyoung/Desktop/vibe coding/Review_Today/tests/mac/TopicCaptureNativeQA.swift', '/Users/rexyoung/Desktop/vibe coding/Review_Today/tests/mac/KnowledgeIngestionFixture.swift', '-o', '/tmp/review-today-topic-qa.3SXaNO/TopicCaptureQA.app/Contents/MacOS/TopicCaptureQA']' returned non-zero exit status 1.
