......................................             [100%]
=============================== warnings summary ===============================
.venv/lib/python3.13/site-packages/starlette/testclient.py:53
  /Users/rexyoung/Desktop/vibe coding/Review_Today/agent-service/.venv/lib/python3.13/site-packages/starlette/testclient.py:53: DeprecationWarning: The anyio.abc.BlockingPortal alias is deprecated, use anyio.from_thread.BlockingPortal instead.
    _PortalFactoryType = Callable[[], AbstractContextManager[anyio.abc.BlockingPortal]]

agent_service/main.py:89
  /Users/rexyoung/Desktop/vibe coding/Review_Today/agent-service/agent_service/main.py:89: DeprecationWarning:
          on_event is deprecated, use lifespan event handlers instead.

          Read more about it in the
          [FastAPI docs for Lifespan Events](https://fastapi.tiangolo.com/advanced/events/).

    @app.on_event("startup")

.venv/lib/python3.13/site-packages/fastapi/applications.py:4681
.venv/lib/python3.13/site-packages/fastapi/applications.py:4681
  /Users/rexyoung/Desktop/vibe coding/Review_Today/agent-service/.venv/lib/python3.13/site-packages/fastapi/applications.py:4681: DeprecationWarning:
          on_event is deprecated, use lifespan event handlers instead.

          Read more about it in the
          [FastAPI docs for Lifespan Events](https://fastapi.tiangolo.com/advanced/events/).

    return self.router.on_event(event_type)  # ty: ignore[deprecated]

agent_service/main.py:118
  /Users/rexyoung/Desktop/vibe coding/Review_Today/agent-service/agent_service/main.py:118: DeprecationWarning:
          on_event is deprecated, use lifespan event handlers instead.

          Read more about it in the
          [FastAPI docs for Lifespan Events](https://fastapi.tiangolo.com/advanced/events/).

    @app.on_event("shutdown")

-- Docs: https://docs.pytest.org/en/stable/how-to/capture-warnings.html
38 passed, 5 warnings, 22 subtests passed in 6.37s
