Verified current-source module SHA256: ca71b22002297e4a520e203039d15acef1bcb82a7d8e127a5e8e571c4e8c2000
/tmp/review-today-shared-contracts.ukelwy2f/NavigationRenderContractTests.swift:2:23: warning: '#sourceLocation' directive produces '#fileID' string of 'NavigationRenderContractTests/NavigationRenderContractTests.swift', which conflicts with '#fileID' strings produced by other paths in the module
  1 | @testable import ReviewTodayContractSupport
  2 | #sourceLocation(file: "/Users/rexyoung/Desktop/vibe coding/Review_Today/tests/mac/NavigationRenderContractTests.swift", line: 1)
    |                       |- warning: '#sourceLocation' directive produces '#fileID' string of 'NavigationRenderContractTests/NavigationRenderContractTests.swift', which conflicts with '#fileID' strings produced by other paths in the module
    |                       `- note: change file in '#sourceLocation' to '/tmp/review-today-shared-contracts.ukelwy2f/NavigationRenderContractTests.swift'
  3 | import AppKit
  4 | import SwiftUI
PASS: real SwiftUI navigation and draft saves skip projection; insert, rename, delete, completion and explicit recovery still refresh
PASS: navigation skips status queries; inserts, edits, task actions, ordering, deletion, archive and session changes remain live
PASS: arrival fade, no initial/same-page replay, direct hit testing, rapid interruption, reduced motion, dark canvas and window deactivation
PASS: real SwiftUI page replacement retains one fade surface and respects live Reduce Motion
PASS: native date buttons, exact actions, disabled/future accessibility, compact geometry, reused targets, single-set composer layout
PASS executable: NavigationRenderContractTests
/tmp/review-today-shared-contracts.ukelwy2f/LearningInputContractTests.swift:2:23: warning: '#sourceLocation' directive produces '#fileID' string of 'LearningInputContractTests/LearningInputContractTests.swift', which conflicts with '#fileID' strings produced by other paths in the module
  1 | @testable import ReviewTodayContractSupport
  2 | #sourceLocation(file: "/Users/rexyoung/Desktop/vibe coding/Review_Today/tests/mac/LearningInputContractTests.swift", line: 1)
    |                       |- warning: '#sourceLocation' directive produces '#fileID' string of 'LearningInputContractTests/LearningInputContractTests.swift', which conflicts with '#fileID' strings produced by other paths in the module
    |                       `- note: change file in '#sourceLocation' to '/tmp/review-today-shared-contracts.ukelwy2f/LearningInputContractTests.swift'
  3 | // Run as an isolated AppKit/SwiftData test executable, not against user data.
  4 | import AppKit
PASS: 12 scenarios, 6-card refresh, protected prefill/IME/undo, sidebar preference, native input, atomic first-send failure/retry, no empty Sessions, independent drafts/preferences, tags, partial persistence, activity
PASS executable: LearningInputContractTests
/tmp/review-today-shared-contracts.ukelwy2f/InteractionFocusTests.swift:2:23: warning: '#sourceLocation' directive produces '#fileID' string of 'InteractionFocusTests/InteractionFocusTests.swift', which conflicts with '#fileID' strings produced by other paths in the module
 1 | @testable import ReviewTodayContractSupport
 2 | #sourceLocation(file: "/Users/rexyoung/Desktop/vibe coding/Review_Today/tests/mac/InteractionFocusTests.swift", line: 1)
   |                       |- warning: '#sourceLocation' directive produces '#fileID' string of 'InteractionFocusTests/InteractionFocusTests.swift', which conflicts with '#fileID' strings produced by other paths in the module
   |                       `- note: change file in '#sourceLocation' to '/tmp/review-today-shared-contracts.ukelwy2f/InteractionFocusTests.swift'
 3 | import AppKit
 4 | import SwiftUI
PASS: ancestor-focus guard, rendered single-row focus independent of selection, light/dark/disabled
PASS executable: InteractionFocusTests
All selected contracts complete: /tmp/review-today-shared-contracts.ukelwy2f
